Archive member included to satisfy reference by file (symbol)

/usr/lib/gcc/arm-none-eabi/12.2.0/../../../../arm-none-eabi/lib/thumb/v7-m/nofp/libc_nano.a(libc_a-atexit.o)
                              /usr/lib/gcc/arm-none-eabi/12.2.0/../../../../arm-none-eabi/lib/thumb/v7-m/nofp/crt0.o (atexit)
/usr/lib/gcc/arm-none-eabi/12.2.0/../../../../arm-none-eabi/lib/thumb/v7-m/nofp/libc_nano.a(libc_a-exit.o)
                              /usr/lib/gcc/arm-none-eabi/12.2.0/../../../../arm-none-eabi/lib/thumb/v7-m/nofp/crt0.o (exit)
/usr/lib/gcc/arm-none-eabi/12.2.0/../../../../arm-none-eabi/lib/thumb/v7-m/nofp/libc_nano.a(libc_a-findfp.o)
                              /usr/lib/gcc/arm-none-eabi/12.2.0/../../../../arm-none-eabi/lib/thumb/v7-m/nofp/libc_nano.a(libc_a-exit.o) (__stdio_exit_handler)
/usr/lib/gcc/arm-none-eabi/12.2.0/../../../../arm-none-eabi/lib/thumb/v7-m/nofp/libc_nano.a(libc_a-fwalk.o)
                              /usr/lib/gcc/arm-none-eabi/12.2.0/../../../../arm-none-eabi/lib/thumb/v7-m/nofp/libc_nano.a(libc_a-findfp.o) (_fwalk_sglue)
/usr/lib/gcc/arm-none-eabi/12.2.0/../../../../arm-none-eabi/lib/thumb/v7-m/nofp/libc_nano.a(libc_a-stdio.o)
                              /usr/lib/gcc/arm-none-eabi/12.2.0/../../../../arm-none-eabi/lib/thumb/v7-m/nofp/libc_nano.a(libc_a-findfp.o) (__sread)
/usr/lib/gcc/arm-none-eabi/12.2.0/../../../../arm-none-eabi/lib/thumb/v7-m/nofp/libc_nano.a(libc_a-memset.o)
                              /usr/lib/gcc/arm-none-eabi/12.2.0/../../../../arm-none-eabi/lib/thumb/v7-m/nofp/crt0.o (memset)
/usr/lib/gcc/arm-none-eabi/12.2.0/../../../../arm-none-eabi/lib/thumb/v7-m/nofp/libc_nano.a(libc_a-closer.o)
                              /usr/lib/gcc/arm-none-eabi/12.2.0/../../../../arm-none-eabi/lib/thumb/v7-m/nofp/libc_nano.a(libc_a-stdio.o) (_close_r)
/usr/lib/gcc/arm-none-eabi/12.2.0/../../../../arm-none-eabi/lib/thumb/v7-m/nofp/libc_nano.a(libc_a-reent.o)
                              /usr/lib/gcc/arm-none-eabi/12.2.0/../../../../arm-none-eabi/lib/thumb/v7-m/nofp/libc_nano.a(libc_a-closer.o) (errno)
/usr/lib/gcc/arm-none-eabi/12.2.0/../../../../arm-none-eabi/lib/thumb/v7-m/nofp/libc_nano.a(libc_a-impure.o)
                              /usr/lib/gcc/arm-none-eabi/12.2.0/../../../../arm-none-eabi/lib/thumb/v7-m/nofp/libc_nano.a(libc_a-reent.o) (_impure_ptr)
/usr/lib/gcc/arm-none-eabi/12.2.0/../../../../arm-none-eabi/lib/thumb/v7-m/nofp/libc_nano.a(libc_a-lseekr.o)
                              /usr/lib/gcc/arm-none-eabi/12.2.0/../../../../arm-none-eabi/lib/thumb/v7-m/nofp/libc_nano.a(libc_a-stdio.o) (_lseek_r)
/usr/lib/gcc/arm-none-eabi/12.2.0/../../../../arm-none-eabi/lib/thumb/v7-m/nofp/libc_nano.a(libc_a-readr.o)
                              /usr/lib/gcc/arm-none-eabi/12.2.0/../../../../arm-none-eabi/lib/thumb/v7-m/nofp/libc_nano.a(libc_a-stdio.o) (_read_r)
/usr/lib/gcc/arm-none-eabi/12.2.0/../../../../arm-none-eabi/lib/thumb/v7-m/nofp/libc_nano.a(libc_a-writer.o)
                              /usr/lib/gcc/arm-none-eabi/12.2.0/../../../../arm-none-eabi/lib/thumb/v7-m/nofp/libc_nano.a(libc_a-stdio.o) (_write_r)
/usr/lib/gcc/arm-none-eabi/12.2.0/../../../../arm-none-eabi/lib/thumb/v7-m/nofp/libc_nano.a(libc_a-errno.o)
                              ./Core/Src/syscalls.o (__errno)
/usr/lib/gcc/arm-none-eabi/12.2.0/../../../../arm-none-eabi/lib/thumb/v7-m/nofp/libc_nano.a(libc_a-init.o)
                              /usr/lib/gcc/arm-none-eabi/12.2.0/../../../../arm-none-eabi/lib/thumb/v7-m/nofp/crt0.o (__libc_init_array)
/usr/lib/gcc/arm-none-eabi/12.2.0/../../../../arm-none-eabi/lib/thumb/v7-m/nofp/libc_nano.a(libc_a-fini.o)
                              /usr/lib/gcc/arm-none-eabi/12.2.0/../../../../arm-none-eabi/lib/thumb/v7-m/nofp/crt0.o (__libc_fini_array)
/usr/lib/gcc/arm-none-eabi/12.2.0/../../../../arm-none-eabi/lib/thumb/v7-m/nofp/libc_nano.a(libc_a-lock.o)
                              /usr/lib/gcc/arm-none-eabi/12.2.0/../../../../arm-none-eabi/lib/thumb/v7-m/nofp/libc_nano.a(libc_a-findfp.o) (__retarget_lock_init_recursive)
/usr/lib/gcc/arm-none-eabi/12.2.0/../../../../arm-none-eabi/lib/thumb/v7-m/nofp/libc_nano.a(libc_a-__atexit.o)
                              /usr/lib/gcc/arm-none-eabi/12.2.0/../../../../arm-none-eabi/lib/thumb/v7-m/nofp/libc_nano.a(libc_a-atexit.o) (__register_exitproc)
/usr/lib/gcc/arm-none-eabi/12.2.0/../../../../arm-none-eabi/lib/thumb/v7-m/nofp/libc_nano.a(libc_a-__call_atexit.o)
                              /usr/lib/gcc/arm-none-eabi/12.2.0/../../../../arm-none-eabi/lib/thumb/v7-m/nofp/libc_nano.a(libc_a-__atexit.o) (__call_exitprocs)
/usr/lib/gcc/arm-none-eabi/12.2.0/../../../../arm-none-eabi/lib/thumb/v7-m/nofp/libc_nano.a(libc_a-freer.o)
                              /usr/lib/gcc/arm-none-eabi/12.2.0/../../../../arm-none-eabi/lib/thumb/v7-m/nofp/libc_nano.a(libc_a-reent.o) (_free_r)
/usr/lib/gcc/arm-none-eabi/12.2.0/../../../../arm-none-eabi/lib/thumb/v7-m/nofp/libc_nano.a(libc_a-mallocr.o)
[...]
Memory Configuration

Name             Origin             Length             Attributes
RAM              0x0000000020000000 0x0000000000005000 xrw
FLASH            0x0000000008000000 0x0000000000010000 xr
*default*        0x0000000000000000 0xffffffffffffffff

Linker script and memory map

LOAD /usr/lib/gcc/arm-none-eabi/12.2.0/thumb/v7-m/nofp/crti.o
LOAD /usr/lib/gcc/arm-none-eabi/12.2.0/thumb/v7-m/nofp/crtbegin.o
LOAD /usr/lib/gcc/arm-none-eabi/12.2.0/../../../../arm-none-eabi/lib/thumb/v7-m/nofp/crt0.o
LOAD ./Core/Src/Motors.o
LOAD ./Core/Src/Movement.o
LOAD ./Core/Src/SR04.o
LOAD ./Core/Src/gpio.o
LOAD ./Core/Src/i2c.o
LOAD ./Core/Src/main.o
LOAD ./Core/Src/mpu6050.o
LOAD ./Core/Src/pixy.o
LOAD ./Core/Src/spi.o
LOAD ./Core/Src/stm32f1xx_hal_msp.o
LOAD ./Core/Src/stm32f1xx_it.o
LOAD ./Core/Src/syscalls.o
LOAD ./Core/Src/sysmem.o
LOAD ./Core/Src/system_stm32f1xx.o
LOAD ./Core/Src/tim.o
LOAD ./Core/Startup/startup_stm32f103r8tx.o
LOAD ./Drivers/STM32F1xx_HAL_Driver/Src/stm32f1xx_hal.o
LOAD ./Drivers/STM32F1xx_HAL_Driver/Src/stm32f1xx_hal_cortex.o
LOAD ./Drivers/STM32F1xx_HAL_Driver/Src/stm32f1xx_hal_dma.o
LOAD ./Drivers/STM32F1xx_HAL_Driver/Src/stm32f1xx_hal_exti.o
LOAD ./Drivers/STM32F1xx_HAL_Driver/Src/stm32f1xx_hal_flash.o
LOAD ./Drivers/STM32F1xx_HAL_Driver/Src/stm32f1xx_hal_flash_ex.o
LOAD ./Drivers/STM32F1xx_HAL_Driver/Src/stm32f1xx_hal_gpio.o
LOAD ./Drivers/STM32F1xx_HAL_Driver/Src/stm32f1xx_hal_gpio_ex.o
LOAD ./Drivers/STM32F1xx_HAL_Driver/Src/stm32f1xx_hal_i2c.o
LOAD ./Drivers/STM32F1xx_HAL_Driver/Src/stm32f1xx_hal_pwr.o
LOAD ./Drivers/STM32F1xx_HAL_Driver/Src/stm32f1xx_hal_rcc.o
LOAD ./Drivers/STM32F1xx_HAL_Driver/Src/stm32f1xx_hal_rcc_ex.o
LOAD ./Drivers/STM32F1xx_HAL_Driver/Src/stm32f1xx_hal_spi.o
LOAD ./Drivers/STM32F1xx_HAL_Driver/Src/stm32f1xx_hal_tim.o
LOAD ./Drivers/STM32F1xx_HAL_Driver/Src/stm32f1xx_hal_tim_ex.o
START GROUP
LOAD /usr/lib/gcc/arm-none-eabi/12.2.0/../../../../arm-none-eabi/lib/thumb/v7-m/nofp/libc_nano.a
LOAD /usr/lib/gcc/arm-none-eabi/12.2.0/../../../../arm-none-eabi/lib/thumb/v7-m/nofp/libm.a
END GROUP
START GROUP
LOAD /usr/lib/gcc/arm-none-eabi/12.2.0/thumb/v7-m/nofp/libgcc.a
LOAD /usr/lib/gcc/arm-none-eabi/12.2.0/../../../../arm-none-eabi/lib/thumb/v7-m/nofp/libc_nano.a
END GROUP
START GROUP
LOAD /usr/lib/gcc/arm-none-eabi/12.2.0/thumb/v7-m/nofp/libgcc.a
LOAD /usr/lib/gcc/arm-none-eabi/12.2.0/../../../../arm-none-eabi/lib/thumb/v7-m/nofp/libc_nano.a
LOAD /usr/lib/gcc/arm-none-eabi/12.2.0/../../../../arm-none-eabi/lib/thumb/v7-m/nofp/libnosys.a
END GROUP
START GROUP
LOAD /usr/lib/gcc/arm-none-eabi/12.2.0/thumb/v7-m/nofp/libgcc.a
LOAD /usr/lib/gcc/arm-none-eabi/12.2.0/../../../../arm-none-eabi/lib/thumb/v7-m/nofp/libc_nano.a
LOAD /usr/lib/gcc/arm-none-eabi/12.2.0/../../../../arm-none-eabi/lib/thumb/v7-m/nofp/libnosys.a
END GROUP
LOAD /usr/lib/gcc/arm-none-eabi/12.2.0/thumb/v7-m/nofp/crtend.o
LOAD /usr/lib/gcc/arm-none-eabi/12.2.0/thumb/v7-m/nofp/crtn.o
                0x0000000020005000                _estack = (ORIGIN (RAM) + LENGTH (RAM))
                0x0000000000000200                _Min_Heap_Size = 0x200
                0x0000000000000400                _Min_Stack_Size = 0x400

.isr_vector     0x0000000008000000      0x10c
                0x0000000008000000                . = ALIGN (0x4)
 *(.isr_vector)
 .isr_vector    0x0000000008000000      0x10c ./Core/Startup/startup_stm32f103r8tx.o
                0x0000000008000000                g_pfnVectors
                0x000000000800010c                . = ALIGN (0x4)

.text           0x0000000008000110     0x9d98
                0x0000000008000110                . = ALIGN (0x4)
 *(.text)
 .text          0x0000000008000110      0x378 /usr/lib/gcc/arm-none-eabi/12.2.0/thumb/v7-m/nofp/libgcc.a(_arm_addsubdf3.o)
                0x0000000008000110                __aeabi_drsub
                0x0000000008000118                __aeabi_dsub
                0x0000000008000118                __subdf3
                0x000000000800011c                __adddf3
                0x000000000800011c                __aeabi_dadd
                0x0000000008000394                __aeabi_ui2d
                0x0000000008000394                __floatunsidf
                0x00000000080003b4                __floatsidf
                0x00000000080003b4                __aeabi_i2d
                0x00000000080003d8                __extendsfdf2
                0x00000000080003d8                __aeabi_f2d
                0x000000000800041c                __aeabi_ul2d
                0x000000000800041c                __floatundidf
                0x000000000800042c                __floatdidf
                0x000000000800042c                __aeabi_l2d
 .text          0x0000000008000488      0x424 /usr/lib/gcc/arm-none-eabi/12.2.0/thumb/v7-m/nofp/libgcc.a(_arm_muldivdf3.o)
                0x0000000008000488                __aeabi_dmul
                0x0000000008000488                __muldf3
                0x00000000080006dc                __aeabi_ddiv
                0x00000000080006dc                __divdf3
 .text          0x00000000080008ac      0x110 /usr/lib/gcc/arm-none-eabi/12.2.0/thumb/v7-m/nofp/libgcc.a(_arm_cmpdf2.o)
                0x00000000080008ac                __gtdf2
                0x00000000080008ac                __gedf2
                0x00000000080008b4                __ltdf2
                0x00000000080008b4                __ledf2
                0x00000000080008bc                __cmpdf2
                0x00000000080008bc                __eqdf2
                0x00000000080008bc                __nedf2
                0x0000000008000938                __aeabi_cdrcmple
                0x0000000008000948                __aeabi_cdcmple
                0x0000000008000948                __aeabi_cdcmpeq
                0x0000000008000958                __aeabi_dcmpeq
                0x000000000800096c                __aeabi_dcmplt
                0x0000000008000980                __aeabi_dcmple
                0x0000000008000994                __aeabi_dcmpge
                0x00000000080009a8                __aeabi_dcmpgt
 .text          0x00000000080009bc       0x2c /usr/lib/gcc/arm-none-eabi/12.2.0/thumb/v7-m/nofp/libgcc.a(_arm_unorddf2.o)
                0x00000000080009bc                __aeabi_dcmpun
                0x00000000080009bc                __unorddf2
 .text          0x00000000080009e8       0x50 /usr/lib/gcc/arm-none-eabi/12.2.0/thumb/v7-m/nofp/libgcc.a(_arm_fixdfsi.o)
                0x00000000080009e8                __fixdfsi
                0x00000000080009e8                __aeabi_d2iz
 .text          0x0000000008000a38       0x40 /usr/lib/gcc/arm-none-eabi/12.2.0/thumb/v7-m/nofp/libgcc.a(_arm_fixunsdfsi.o)
                0x0000000008000a38                __fixunsdfsi
                0x0000000008000a38                __aeabi_d2uiz
 .text          0x0000000008000a78       0xa0 /usr/lib/gcc/arm-none-eabi/12.2.0/thumb/v7-m/nofp/libgcc.a(_arm_truncdfsf2.o)
                0x0000000008000a78                __aeabi_d2f
                0x0000000008000a78                __truncdfsf2
 .text          0x0000000008000b18      0x21c /usr/lib/gcc/arm-none-eabi/12.2.0/thumb/v7-m/nofp/libgcc.a(_arm_addsubsf3.o)
                0x0000000008000b18                __aeabi_frsub
                0x0000000008000b20                __subsf3
                0x0000000008000b20                __aeabi_fsub
                0x0000000008000b24                __aeabi_fadd
                0x0000000008000b24                __addsf3
                0x0000000008000c84                __aeabi_ui2f
                0x0000000008000c84                __floatunsisf
                0x0000000008000c8c                __aeabi_i2f
                0x0000000008000c8c                __floatsisf
                0x0000000008000ca8                __floatundisf
                0x0000000008000ca8                __aeabi_ul2f
                0x0000000008000cb8                __floatdisf
                0x0000000008000cb8                __aeabi_l2f
 .text          0x0000000008000d34      0x2a0 /usr/lib/gcc/arm-none-eabi/12.2.0/thumb/v7-m/nofp/libgcc.a(_arm_muldivsf3.o)
                0x0000000008000d34                __mulsf3
                0x0000000008000d34                __aeabi_fmul
                0x0000000008000e9c                __divsf3
                0x0000000008000e9c                __aeabi_fdiv
 .text          0x0000000008000fd4       0x4c /usr/lib/gcc/arm-none-eabi/12.2.0/thumb/v7-m/nofp/libgcc.a(_arm_fixsfsi.o)
                0x0000000008000fd4                __fixsfsi
                0x0000000008000fd4                __aeabi_f2iz
 .text          0x0000000008001020       0x30 /usr/lib/gcc/arm-none-eabi/12.2.0/thumb/v7-m/nofp/libgcc.a(_aeabi_uldivmod.o)
                0x0000000008001020                __aeabi_uldivmod
 .text          0x0000000008001050        0x4 /usr/lib/gcc/arm-none-eabi/12.2.0/thumb/v7-m/nofp/libgcc.a(_dvmd_tls.o)
                0x0000000008001050                __aeabi_ldiv0
                0x0000000008001050                __aeabi_idiv0
 *(.text*)
 .text.__do_global_dtors_aux
                0x0000000008001054       0x24 /usr/lib/gcc/arm-none-eabi/12.2.0/thumb/v7-m/nofp/crtbegin.o
 .text.frame_dummy
                0x0000000008001078       0x1c /usr/lib/gcc/arm-none-eabi/12.2.0/thumb/v7-m/nofp/crtbegin.o
 *fill*         0x0000000008001094        0x4 
 .text.setPWM   0x0000000008001098      0x1e4 ./Core/Src/Motors.o
                0x0000000008001098                setPWM
 *fill*         0x000000000800127c        0x4 
 .text.GotoPoint
                0x0000000008001280      0x254 ./Core/Src/Motors.o
                0x0000000008001280                GotoPoint
 .text.AllMotorsZero
                0x00000000080014d4       0x4a ./Core/Src/Motors.o
                0x00000000080014d4                AllMotorsZero
 *fill*         0x000000000800151e        0x2 
 .text.RotateToZero
                0x0000000008001520      0x668 ./Core/Src/Movement.o
                0x0000000008001520                RotateToZero
 .text.GetBall  0x0000000008001b88      0x258 ./Core/Src/Movement.o
                0x0000000008001b88                GetBall
 .text.BackToGoal
                0x0000000008001de0       0x58 ./Core/Src/Movement.o
                0x0000000008001de0                BackToGoal
 .text.delay_us
                0x0000000008001e38       0x30 ./Core/Src/SR04.o
                0x0000000008001e38                delay_us
 .text.ReadSR   0x0000000008001e68      0x158 ./Core/Src/SR04.o
                0x0000000008001e68                ReadSR
 .text.ReadAllSRs
                0x0000000008001fc0       0x3c ./Core/Src/SR04.o
                0x0000000008001fc0                ReadAllSRs
 .text.MX_GPIO_Init
                0x0000000008001ffc      0x16c ./Core/Src/gpio.o
                0x0000000008001ffc                MX_GPIO_Init
 .text.MX_I2C2_Init
                0x0000000008002168       0x5c ./Core/Src/i2c.o
                0x0000000008002168                MX_I2C2_Init
 .text.HAL_I2C_MspInit
                0x00000000080021c4       0x80 ./Core/Src/i2c.o
                0x00000000080021c4                HAL_I2C_MspInit
 .text.CollibrateMPU6050
                0x0000000008002244      0x138 ./Core/Src/main.o
                0x0000000008002244                CollibrateMPU6050
 .text.SetupMPU6050
                0x000000000800237c       0x30 ./Core/Src/main.o
                0x000000000800237c                SetupMPU6050
 .text.ReadMPU6050
                0x00000000080023ac      0x124 ./Core/Src/main.o
                0x00000000080023ac                ReadMPU6050
 .text.HAL_TIM_PeriodElapsedCallback
                0x00000000080024d0       0xc0 ./Core/Src/main.o
                0x00000000080024d0                HAL_TIM_PeriodElapsedCallback
 .text.HAL_GPIO_EXTI_Callback
                0x0000000008002590       0x14 ./Core/Src/main.o
                0x0000000008002590                HAL_GPIO_EXTI_Callback
 .text.ReadOutDirection
                0x00000000080025a4       0x68 ./Core/Src/main.o
                0x00000000080025a4                ReadOutDirection
 *fill*         0x000000000800260c        0x4 
 .text.main     0x0000000008002610      0x4cc ./Core/Src/main.o
                0x0000000008002610                main
 .text.SystemClock_Config
                0x0000000008002adc       0x82 ./Core/Src/main.o
                0x0000000008002adc                SystemClock_Config
 .text.Error_Handler
                0x0000000008002b5e        0xc ./Core/Src/main.o
                0x0000000008002b5e                Error_Handler
 .text.MPU6050_Init
                0x0000000008002b6a       0xcc ./Core/Src/mpu6050.o
                0x0000000008002b6a                MPU6050_Init
 *fill*         0x0000000008002c36        0x2 
 .text.MPU6050_Read_All
                0x0000000008002c38      0x3ec ./Core/Src/mpu6050.o
                0x0000000008002c38                MPU6050_Read_All
 .text.Kalman_getAngle
                0x0000000008003024      0x2a6 ./Core/Src/mpu6050.o
                0x0000000008003024                Kalman_getAngle
 *fill*         0x00000000080032ca        0x2 
 .text.SetupPixy
                0x00000000080032cc       0x68 ./Core/Src/pixy.o
                0x00000000080032cc                SetupPixy
 .text.getBallPosition
                0x0000000008003334      0x168 ./Core/Src/pixy.o
                0x0000000008003334                getBallPosition
 .text.MX_SPI1_Init
                0x000000000800349c       0x6c ./Core/Src/spi.o
                0x000000000800349c                MX_SPI1_Init
 .text.HAL_SPI_MspInit
                0x0000000008003508       0xb4 ./Core/Src/spi.o
                0x0000000008003508                HAL_SPI_MspInit
 .text.HAL_MspInit
                0x00000000080035bc       0x64 ./Core/Src/stm32f1xx_hal_msp.o
                0x00000000080035bc                HAL_MspInit
 .text.NMI_Handler
                0x0000000008003620        0x8 ./Core/Src/stm32f1xx_it.o
                0x0000000008003620                NMI_Handler
 .text.HardFault_Handler
                0x0000000008003628        0x8 ./Core/Src/stm32f1xx_it.o
                0x0000000008003628                HardFault_Handler
 .text.MemManage_Handler
                0x0000000008003630        0x8 ./Core/Src/stm32f1xx_it.o
                0x0000000008003630                MemManage_Handler
 .text.BusFault_Handler
                0x0000000008003638        0x8 ./Core/Src/stm32f1xx_it.o
                0x0000000008003638                BusFault_Handler
 .text.UsageFault_Handler
                0x0000000008003640        0x8 ./Core/Src/stm32f1xx_it.o
                0x0000000008003640                UsageFault_Handler
 .text.SVC_Handler
                0x0000000008003648        0xc ./Core/Src/stm32f1xx_it.o
                0x0000000008003648                SVC_Handler
 .text.DebugMon_Handler
                0x0000000008003654        0xc ./Core/Src/stm32f1xx_it.o
                0x0000000008003654                DebugMon_Handler
 .text.PendSV_Handler
                0x0000000008003660        0xc ./Core/Src/stm32f1xx_it.o
                0x0000000008003660                PendSV_Handler
 .text.SysTick_Handler
                0x000000000800366c        0xc ./Core/Src/stm32f1xx_it.o
                0x000000000800366c                SysTick_Handler
 .text.EXTI1_IRQHandler
                0x0000000008003678        0xe ./Core/Src/stm32f1xx_it.o
                0x0000000008003678                EXTI1_IRQHandler
 *fill*         0x0000000008003686        0x2 
 .text.TIM4_IRQHandler
                0x0000000008003688       0x14 ./Core/Src/stm32f1xx_it.o
                0x0000000008003688                TIM4_IRQHandler
 .text.SystemInit
                0x000000000800369c        0xc ./Core/Src/system_stm32f1xx.o
                0x000000000800369c                SystemInit
 .text.MX_TIM1_Init
                0x00000000080036a8      0x170 ./Core/Src/tim.o
                0x00000000080036a8                MX_TIM1_Init
 .text.MX_TIM2_Init
                0x0000000008003818       0xe8 ./Core/Src/tim.o
                0x0000000008003818                MX_TIM2_Init
 .text.MX_TIM3_Init
                0x0000000008003900       0x9c ./Core/Src/tim.o
                0x0000000008003900                MX_TIM3_Init
 .text.MX_TIM4_Init
                0x000000000800399c       0x9c ./Core/Src/tim.o
                0x000000000800399c                MX_TIM4_Init
 .text.HAL_TIM_Base_MspInit
                0x0000000008003a38       0xc0 ./Core/Src/tim.o
                0x0000000008003a38                HAL_TIM_Base_MspInit
 .text.HAL_TIM_MspPostInit
                0x0000000008003af8       0xa4 ./Core/Src/tim.o
                0x0000000008003af8                HAL_TIM_MspPostInit
 .text.Reset_Handler
                0x0000000008003b9c       0x48 ./Core/Startup/startup_stm32f103r8tx.o
                0x0000000008003b9c                Reset_Handler
 .text.Default_Handler
                0x0000000008003be4        0x2 ./Core/Startup/startup_stm32f103r8tx.o
                0x0000000008003be4                RTC_Alarm_IRQHandler
                0x0000000008003be4                EXTI2_IRQHandler
                0x0000000008003be4                TIM1_CC_IRQHandler
                0x0000000008003be4                PVD_IRQHandler
                0x0000000008003be4                EXTI3_IRQHandler
                0x0000000008003be4                EXTI0_IRQHandler
                0x0000000008003be4                I2C2_EV_IRQHandler
                0x0000000008003be4                ADC1_2_IRQHandler
                0x0000000008003be4                SPI1_IRQHandler
                0x0000000008003be4                TAMPER_IRQHandler
                0x0000000008003be4                DMA1_Channel4_IRQHandler
                0x0000000008003be4                USART3_IRQHandler
                0x0000000008003be4                RTC_IRQHandler
                0x0000000008003be4                DMA1_Channel7_IRQHandler
                0x0000000008003be4                CAN1_RX1_IRQHandler
                0x0000000008003be4                I2C1_EV_IRQHandler
                0x0000000008003be4                DMA1_Channel6_IRQHandler
                0x0000000008003be4                TIM3_IRQHandler
                0x0000000008003be4                RCC_IRQHandler
                0x0000000008003be4                TIM1_TRG_COM_IRQHandler
                0x0000000008003be4                DMA1_Channel1_IRQHandler
                0x0000000008003be4                Default_Handler
                0x0000000008003be4                EXTI15_10_IRQHandler
                0x0000000008003be4                EXTI9_5_IRQHandler
                0x0000000008003be4                SPI2_IRQHandler
                0x0000000008003be4                DMA1_Channel5_IRQHandler
                0x0000000008003be4                EXTI4_IRQHandler
                0x0000000008003be4                USB_LP_CAN1_RX0_IRQHandler
                0x0000000008003be4                USB_HP_CAN1_TX_IRQHandler
                0x0000000008003be4                DMA1_Channel3_IRQHandler
                0x0000000008003be4                TIM1_UP_IRQHandler
                0x0000000008003be4                WWDG_IRQHandler
                0x0000000008003be4                TIM2_IRQHandler
                0x0000000008003be4                TIM1_BRK_IRQHandler
                0x0000000008003be4                USART2_IRQHandler
                0x0000000008003be4                I2C2_ER_IRQHandler
                0x0000000008003be4                DMA1_Channel2_IRQHandler
                0x0000000008003be4                CAN1_SCE_IRQHandler
                0x0000000008003be4                FLASH_IRQHandler
                0x0000000008003be4                USART1_IRQHandler
                0x0000000008003be4                I2C1_ER_IRQHandler
                0x0000000008003be4                USBWakeUp_IRQHandler
 *fill*         0x0000000008003be6        0x2 
 .text.HAL_Init
                0x0000000008003be8       0x2c ./Drivers/STM32F1xx_HAL_Driver/Src/stm32f1xx_hal.o
                0x0000000008003be8                HAL_Init
 .text.HAL_InitTick
                0x0000000008003c14       0x60 ./Drivers/STM32F1xx_HAL_Driver/Src/stm32f1xx_hal.o
                0x0000000008003c14                HAL_InitTick
 .text.HAL_IncTick
                0x0000000008003c74       0x24 ./Drivers/STM32F1xx_HAL_Driver/Src/stm32f1xx_hal.o
                0x0000000008003c74                HAL_IncTick
 .text.HAL_GetTick
                0x0000000008003c98       0x14 ./Drivers/STM32F1xx_HAL_Driver/Src/stm32f1xx_hal.o
                0x0000000008003c98                HAL_GetTick
 .text.HAL_Delay
                0x0000000008003cac       0x48 ./Drivers/STM32F1xx_HAL_Driver/Src/stm32f1xx_hal.o
                0x0000000008003cac                HAL_Delay
 .text.__NVIC_SetPriorityGrouping
                0x0000000008003cf4       0x48 ./Drivers/STM32F1xx_HAL_Driver/Src/stm32f1xx_hal_cortex.o
 .text.__NVIC_GetPriorityGrouping
                0x0000000008003d3c       0x1c ./Drivers/STM32F1xx_HAL_Driver/Src/stm32f1xx_hal_cortex.o
 .text.__NVIC_EnableIRQ
                0x0000000008003d58       0x38 ./Drivers/STM32F1xx_HAL_Driver/Src/stm32f1xx_hal_cortex.o
 .text.__NVIC_SetPriority
                0x0000000008003d90       0x54 ./Drivers/STM32F1xx_HAL_Driver/Src/stm32f1xx_hal_cortex.o
 .text.NVIC_EncodePriority
                0x0000000008003de4       0x64 ./Drivers/STM32F1xx_HAL_Driver/Src/stm32f1xx_hal_cortex.o
 .text.SysTick_Config
                0x0000000008003e48       0x44 ./Drivers/STM32F1xx_HAL_Driver/Src/stm32f1xx_hal_cortex.o
 .text.HAL_NVIC_SetPriorityGrouping
                0x0000000008003e8c       0x16 ./Drivers/STM32F1xx_HAL_Driver/Src/stm32f1xx_hal_cortex.o
                0x0000000008003e8c                HAL_NVIC_SetPriorityGrouping
 .text.HAL_NVIC_SetPriority
                0x0000000008003ea2       0x38 ./Drivers/STM32F1xx_HAL_Driver/Src/stm32f1xx_hal_cortex.o
                0x0000000008003ea2                HAL_NVIC_SetPriority
 .text.HAL_NVIC_EnableIRQ
                0x0000000008003eda       0x1c ./Drivers/STM32F1xx_HAL_Driver/Src/stm32f1xx_hal_cortex.o
                0x0000000008003eda                HAL_NVIC_EnableIRQ
 .text.HAL_SYSTICK_Config
                0x0000000008003ef6       0x18 ./Drivers/STM32F1xx_HAL_Driver/Src/stm32f1xx_hal_cortex.o
                0x0000000008003ef6                HAL_SYSTICK_Config
 *fill*         0x0000000008003f0e        0x2 
 .text.HAL_GPIO_Init
                0x0000000008003f10      0x308 ./Drivers/STM32F1xx_HAL_Driver/Src/stm32f1xx_hal_gpio.o
                0x0000000008003f10                HAL_GPIO_Init
 .text.HAL_GPIO_ReadPin
                0x0000000008004218       0x2e ./Drivers/STM32F1xx_HAL_Driver/Src/stm32f1xx_hal_gpio.o
                0x0000000008004218                HAL_GPIO_ReadPin
 .text.HAL_GPIO_WritePin
                0x0000000008004246       0x30 ./Drivers/STM32F1xx_HAL_Driver/Src/stm32f1xx_hal_gpio.o
                0x0000000008004246                HAL_GPIO_WritePin
 *fill*         0x0000000008004276        0x2 
 .text.HAL_GPIO_EXTI_IRQHandler
                0x0000000008004278       0x30 ./Drivers/STM32F1xx_HAL_Driver/Src/stm32f1xx_hal_gpio.o
                0x0000000008004278                HAL_GPIO_EXTI_IRQHandler
 .text.HAL_I2C_Init
                0x00000000080042a8      0x288 ./Drivers/STM32F1xx_HAL_Driver/Src/stm32f1xx_hal_i2c.o
                0x00000000080042a8                HAL_I2C_Init
 .text.HAL_I2C_Mem_Write
                0x0000000008004530      0x1f4 ./Drivers/STM32F1xx_HAL_Driver/Src/stm32f1xx_hal_i2c.o
                0x0000000008004530                HAL_I2C_Mem_Write
 .text.HAL_I2C_Mem_Read
                0x0000000008004724      0x4d0 ./Drivers/STM32F1xx_HAL_Driver/Src/stm32f1xx_hal_i2c.o
                0x0000000008004724                HAL_I2C_Mem_Read
 .text.I2C_RequestMemoryWrite
                0x0000000008004bf4      0x12c ./Drivers/STM32F1xx_HAL_Driver/Src/stm32f1xx_hal_i2c.o
 .text.I2C_RequestMemoryRead
                0x0000000008004d20      0x1d0 ./Drivers/STM32F1xx_HAL_Driver/Src/stm32f1xx_hal_i2c.o
 .text.I2C_WaitOnFlagUntilTimeout
                0x0000000008004ef0       0xae ./Drivers/STM32F1xx_HAL_Driver/Src/stm32f1xx_hal_i2c.o
 .text.I2C_WaitOnMasterAddressFlagUntilTimeout
                0x0000000008004f9e       0xfe ./Drivers/STM32F1xx_HAL_Driver/Src/stm32f1xx_hal_i2c.o
 .text.I2C_WaitOnTXEFlagUntilTimeout
                0x000000000800509c       0x82 ./Drivers/STM32F1xx_HAL_Driver/Src/stm32f1xx_hal_i2c.o
 .text.I2C_WaitOnBTFFlagUntilTimeout
                0x000000000800511e       0x82 ./Drivers/STM32F1xx_HAL_Driver/Src/stm32f1xx_hal_i2c.o
 .text.I2C_WaitOnRXNEFlagUntilTimeout
                0x00000000080051a0       0xac ./Drivers/STM32F1xx_HAL_Driver/Src/stm32f1xx_hal_i2c.o
 .text.I2C_IsAcknowledgeFailed
                0x000000000800524c       0x5c ./Drivers/STM32F1xx_HAL_Driver/Src/stm32f1xx_hal_i2c.o
 .text.HAL_RCC_OscConfig
                0x00000000080052a8      0x504 ./Drivers/STM32F1xx_HAL_Driver/Src/stm32f1xx_hal_rcc.o
                0x00000000080052a8                HAL_RCC_OscConfig
 .text.HAL_RCC_ClockConfig
                0x00000000080057ac      0x1d4 ./Drivers/STM32F1xx_HAL_Driver/Src/stm32f1xx_hal_rcc.o
                0x00000000080057ac                HAL_RCC_ClockConfig
 .text.HAL_RCC_GetSysClockFreq
                0x0000000008005980       0xbc ./Drivers/STM32F1xx_HAL_Driver/Src/stm32f1xx_hal_rcc.o
                0x0000000008005980                HAL_RCC_GetSysClockFreq
 .text.HAL_RCC_GetHCLKFreq
                0x0000000008005a3c       0x14 ./Drivers/STM32F1xx_HAL_Driver/Src/stm32f1xx_hal_rcc.o
                0x0000000008005a3c                HAL_RCC_GetHCLKFreq
 .text.HAL_RCC_GetPCLK1Freq
                0x0000000008005a50       0x28 ./Drivers/STM32F1xx_HAL_Driver/Src/stm32f1xx_hal_rcc.o
                0x0000000008005a50                HAL_RCC_GetPCLK1Freq
 .text.RCC_Delay
                0x0000000008005a78       0x3c ./Drivers/STM32F1xx_HAL_Driver/Src/stm32f1xx_hal_rcc.o
 .text.HAL_SPI_Init
                0x0000000008005ab4      0x108 ./Drivers/STM32F1xx_HAL_Driver/Src/stm32f1xx_hal_spi.o
                0x0000000008005ab4                HAL_SPI_Init
 .text.HAL_SPI_Transmit
                0x0000000008005bbc      0x278 ./Drivers/STM32F1xx_HAL_Driver/Src/stm32f1xx_hal_spi.o
                0x0000000008005bbc                HAL_SPI_Transmit
 .text.HAL_SPI_Receive
                0x0000000008005e34      0x222 ./Drivers/STM32F1xx_HAL_Driver/Src/stm32f1xx_hal_spi.o
                0x0000000008005e34                HAL_SPI_Receive
 .text.HAL_SPI_TransmitReceive
                0x0000000008006056      0x344 ./Drivers/STM32F1xx_HAL_Driver/Src/stm32f1xx_hal_spi.o
                0x0000000008006056                HAL_SPI_TransmitReceive
 *fill*         0x000000000800639a        0x2 
 .text.SPI_WaitFlagStateUntilTimeout
                0x000000000800639c      0x110 ./Drivers/STM32F1xx_HAL_Driver/Src/stm32f1xx_hal_spi.o
 .text.SPI_EndRxTransaction
                0x00000000080064ac       0xa4 ./Drivers/STM32F1xx_HAL_Driver/Src/stm32f1xx_hal_spi.o
 .text.SPI_EndRxTxTransaction
                0x0000000008006550       0x3c ./Drivers/STM32F1xx_HAL_Driver/Src/stm32f1xx_hal_spi.o
 .text.HAL_TIM_Base_Init
                0x000000000800658c       0x9e ./Drivers/STM32F1xx_HAL_Driver/Src/stm32f1xx_hal_tim.o
                0x000000000800658c                HAL_TIM_Base_Init
 *fill*         0x000000000800662a        0x2 
 .text.HAL_TIM_Base_Start
                0x000000000800662c       0x94 ./Drivers/STM32F1xx_HAL_Driver/Src/stm32f1xx_hal_tim.o
                0x000000000800662c                HAL_TIM_Base_Start
 .text.HAL_TIM_Base_Start_IT
                0x00000000080066c0       0xa4 ./Drivers/STM32F1xx_HAL_Driver/Src/stm32f1xx_hal_tim.o
                0x00000000080066c0                HAL_TIM_Base_Start_IT
 .text.HAL_TIM_PWM_Init
                0x0000000008006764       0x9e ./Drivers/STM32F1xx_HAL_Driver/Src/stm32f1xx_hal_tim.o
                0x0000000008006764                HAL_TIM_PWM_Init
 .text.HAL_TIM_PWM_MspInit
                0x0000000008006802       0x12 ./Drivers/STM32F1xx_HAL_Driver/Src/stm32f1xx_hal_tim.o
                0x0000000008006802                HAL_TIM_PWM_MspInit
 .text.HAL_TIM_PWM_Start
                0x0000000008006814      0x144 ./Drivers/STM32F1xx_HAL_Driver/Src/stm32f1xx_hal_tim.o
                0x0000000008006814                HAL_TIM_PWM_Start
 .text.HAL_TIM_IRQHandler
                0x0000000008006958      0x210 ./Drivers/STM32F1xx_HAL_Driver/Src/stm32f1xx_hal_tim.o
                0x0000000008006958                HAL_TIM_IRQHandler
 .text.HAL_TIM_PWM_ConfigChannel
                0x0000000008006b68      0x17c ./Drivers/STM32F1xx_HAL_Driver/Src/stm32f1xx_hal_tim.o
                0x0000000008006b68                HAL_TIM_PWM_ConfigChannel
 .text.HAL_TIM_ConfigClockSource
                0x0000000008006ce4      0x188 ./Drivers/STM32F1xx_HAL_Driver/Src/stm32f1xx_hal_tim.o
                0x0000000008006ce4                HAL_TIM_ConfigClockSource
 .text.HAL_TIM_OC_DelayElapsedCallback
                0x0000000008006e6c       0x12 ./Drivers/STM32F1xx_HAL_Driver/Src/stm32f1xx_hal_tim.o
                0x0000000008006e6c                HAL_TIM_OC_DelayElapsedCallback
 .text.HAL_TIM_IC_CaptureCallback
                0x0000000008006e7e       0x12 ./Drivers/STM32F1xx_HAL_Driver/Src/stm32f1xx_hal_tim.o
                0x0000000008006e7e                HAL_TIM_IC_CaptureCallback
 .text.HAL_TIM_PWM_PulseFinishedCallback
                0x0000000008006e90       0x12 ./Drivers/STM32F1xx_HAL_Driver/Src/stm32f1xx_hal_tim.o
                0x0000000008006e90                HAL_TIM_PWM_PulseFinishedCallback
 .text.HAL_TIM_TriggerCallback
                0x0000000008006ea2       0x12 ./Drivers/STM32F1xx_HAL_Driver/Src/stm32f1xx_hal_tim.o
                0x0000000008006ea2                HAL_TIM_TriggerCallback
 .text.TIM_Base_SetConfig
                0x0000000008006eb4       0xc4 ./Drivers/STM32F1xx_HAL_Driver/Src/stm32f1xx_hal_tim.o
                0x0000000008006eb4                TIM_Base_SetConfig
 .text.TIM_OC1_SetConfig
                0x0000000008006f78       0xcc ./Drivers/STM32F1xx_HAL_Driver/Src/stm32f1xx_hal_tim.o
 .text.TIM_OC2_SetConfig
                0x0000000008007044       0xd4 ./Drivers/STM32F1xx_HAL_Driver/Src/stm32f1xx_hal_tim.o
                0x0000000008007044                TIM_OC2_SetConfig
 .text.TIM_OC3_SetConfig
                0x0000000008007118       0xd4 ./Drivers/STM32F1xx_HAL_Driver/Src/stm32f1xx_hal_tim.o
 .text.TIM_OC4_SetConfig
                0x00000000080071ec       0x9c ./Drivers/STM32F1xx_HAL_Driver/Src/stm32f1xx_hal_tim.o
 .text.TIM_TI1_ConfigInputStage
                0x0000000008007288       0x5c ./Drivers/STM32F1xx_HAL_Driver/Src/stm32f1xx_hal_tim.o
 .text.TIM_TI2_ConfigInputStage
                0x00000000080072e4       0x5e ./Drivers/STM32F1xx_HAL_Driver/Src/stm32f1xx_hal_tim.o
 .text.TIM_ITRx_SetConfig
                0x0000000008007342       0x34 ./Drivers/STM32F1xx_HAL_Driver/Src/stm32f1xx_hal_tim.o
 .text.TIM_ETR_SetConfig
                0x0000000008007376       0x3e ./Drivers/STM32F1xx_HAL_Driver/Src/stm32f1xx_hal_tim.o
                0x0000000008007376                TIM_ETR_SetConfig
 .text.TIM_CCxChannelCmd
                0x00000000080073b4       0x48 ./Drivers/STM32F1xx_HAL_Driver/Src/stm32f1xx_hal_tim.o
                0x00000000080073b4                TIM_CCxChannelCmd
 .text.HAL_TIMEx_MasterConfigSynchronization
                0x00000000080073fc       0xbc ./Drivers/STM32F1xx_HAL_Driver/Src/stm32f1xx_hal_tim_ex.o
                0x00000000080073fc                HAL_TIMEx_MasterConfigSynchronization
 .text.HAL_TIMEx_ConfigBreakDeadTime
                0x00000000080074b8       0xa2 ./Drivers/STM32F1xx_HAL_Driver/Src/stm32f1xx_hal_tim_ex.o
                0x00000000080074b8                HAL_TIMEx_ConfigBreakDeadTime
 .text.HAL_TIMEx_CommutCallback
                0x000000000800755a       0x12 ./Drivers/STM32F1xx_HAL_Driver/Src/stm32f1xx_hal_tim_ex.o
                0x000000000800755a                HAL_TIMEx_CommutCallback
 .text.HAL_TIMEx_BreakCallback
                0x000000000800756c       0x12 ./Drivers/STM32F1xx_HAL_Driver/Src/stm32f1xx_hal_tim_ex.o
                0x000000000800756c                HAL_TIMEx_BreakCallback
 .text.memset   0x000000000800757e       0x10 /usr/lib/gcc/arm-none-eabi/12.2.0/../../../../arm-none-eabi/lib/thumb/v7-m/nofp/libc_nano.a(libc_a-memset.o)
                0x000000000800757e                memset
 *fill*         0x000000000800758e        0x2 
 .text.__errno  0x0000000008007590        0xc /usr/lib/gcc/arm-none-eabi/12.2.0/../../../../arm-none-eabi/lib/thumb/v7-m/nofp/libc_nano.a(libc_a-errno.o)
                0x0000000008007590                __errno
 .text.__libc_init_array
                0x000000000800759c       0x48 /usr/lib/gcc/arm-none-eabi/12.2.0/../../../../arm-none-eabi/lib/thumb/v7-m/nofp/libc_nano.a(libc_a-init.o)
                0x000000000800759c                __libc_init_array
 .text.atan2    0x00000000080075e4        0x4 /usr/lib/gcc/arm-none-eabi/12.2.0/../../../../arm-none-eabi/lib/thumb/v7-m/nofp/libm.a(libm_a-w_atan2.o)
                0x00000000080075e4                atan2
 .text.pow      0x00000000080075e8       0xdc /usr/lib/gcc/arm-none-eabi/12.2.0/../../../../arm-none-eabi/lib/thumb/v7-m/nofp/libm.a(libm_a-w_pow.o)
                0x00000000080075e8                pow
 .text.sqrt     0x00000000080076c4       0x50 /usr/lib/gcc/arm-none-eabi/12.2.0/../../../../arm-none-eabi/lib/thumb/v7-m/nofp/libm.a(libm_a-w_sqrt.o)
                0x00000000080076c4                sqrt
 *fill*         0x0000000008007714        0x4 
 .text.atan     0x0000000008007718      0x308 /usr/lib/gcc/arm-none-eabi/12.2.0/../../../../arm-none-eabi/lib/thumb/v7-m/nofp/libm.a(libm_a-s_atan.o)
                0x0000000008007718                atan
 .text.fabs     0x0000000008007a20        0x8 /usr/lib/gcc/arm-none-eabi/12.2.0/../../../../arm-none-eabi/lib/thumb/v7-m/nofp/libm.a(libm_a-s_fabs.o)
                0x0000000008007a20                fabs
 .text.sin      0x0000000008007a28       0x94 /usr/lib/gcc/arm-none-eabi/12.2.0/../../../../arm-none-eabi/lib/thumb/v7-m/nofp/libm.a(libm_a-s_sin.o)
                0x0000000008007a28                sin
 .text.finite   0x0000000008007abc        0xc /usr/lib/gcc/arm-none-eabi/12.2.0/../../../../arm-none-eabi/lib/thumb/v7-m/nofp/libm.a(libm_a-s_finite.o)
                0x0000000008007abc                finite
 .text.__ieee754_sqrt
                0x0000000008007ac8      0x1dc /usr/lib/gcc/arm-none-eabi/12.2.0/../../../../arm-none-eabi/lib/thumb/v7-m/nofp/libm.a(libm_a-e_sqrt.o)
                0x0000000008007ac8                __ieee754_sqrt
 *fill*         0x0000000008007ca4        0x4 
 .text.__kernel_cos
                0x0000000008007ca8      0x250 /usr/lib/gcc/arm-none-eabi/12.2.0/../../../../arm-none-eabi/lib/thumb/v7-m/nofp/libm.a(libm_a-k_cos.o)
                0x0000000008007ca8                __kernel_cos
 .text.__kernel_sin
                0x0000000008007ef8      0x16c /usr/lib/gcc/arm-none-eabi/12.2.0/../../../../arm-none-eabi/lib/thumb/v7-m/nofp/libm.a(libm_a-k_sin.o)
                0x0000000008007ef8                __kernel_sin
 *fill*         0x0000000008008064        0x4 
 .text.__ieee754_atan2
                0x0000000008008068      0x194 /usr/lib/gcc/arm-none-eabi/12.2.0/../../../../arm-none-eabi/lib/thumb/v7-m/nofp/libm.a(libm_a-e_atan2.o)
                0x0000000008008068                __ieee754_atan2
 *fill*         0x00000000080081fc        0x4 
 .text.__ieee754_pow
                0x0000000008008200      0xb4c /usr/lib/gcc/arm-none-eabi/12.2.0/../../../../arm-none-eabi/lib/thumb/v7-m/nofp/libm.a(libm_a-e_pow.o)
                0x0000000008008200                __ieee754_pow
 *fill*         0x0000000008008d4c        0x4 
 .text.__ieee754_rem_pio2
                0x0000000008008d50      0x41c /usr/lib/gcc/arm-none-eabi/12.2.0/../../../../arm-none-eabi/lib/thumb/v7-m/nofp/libm.a(libm_a-e_rem_pio2.o)
                0x0000000008008d50                __ieee754_rem_pio2
 *fill*         0x000000000800916c        0x4 
 .text.scalbn   0x0000000008009170      0x104 /usr/lib/gcc/arm-none-eabi/12.2.0/../../../../arm-none-eabi/lib/thumb/v7-m/nofp/libm.a(libm_a-s_scalbn.o)
                0x0000000008009170                scalbn
 .text.with_errno
                0x0000000008009274       0x18 /usr/lib/gcc/arm-none-eabi/12.2.0/../../../../arm-none-eabi/lib/thumb/v7-m/nofp/libm.a(libm_a-math_err.o)
 .text.xflow    0x000000000800928c       0x28 /usr/lib/gcc/arm-none-eabi/12.2.0/../../../../arm-none-eabi/lib/thumb/v7-m/nofp/libm.a(libm_a-math_err.o)
 .text.__math_uflow
                0x00000000080092b4        0xc /usr/lib/gcc/arm-none-eabi/12.2.0/../../../../arm-none-eabi/lib/thumb/v7-m/nofp/libm.a(libm_a-math_err.o)
                0x00000000080092b4                __math_uflow
 .text.__math_oflow
                0x00000000080092c0        0xc /usr/lib/gcc/arm-none-eabi/12.2.0/../../../../arm-none-eabi/lib/thumb/v7-m/nofp/libm.a(libm_a-math_err.o)
                0x00000000080092c0                __math_oflow
 .text.__kernel_rem_pio2
                0x00000000080092cc      0x81c /usr/lib/gcc/arm-none-eabi/12.2.0/../../../../arm-none-eabi/lib/thumb/v7-m/nofp/libm.a(libm_a-k_rem_pio2.o)
                0x00000000080092cc                __kernel_rem_pio2
 .text.floor    0x0000000008009ae8      0x108 /usr/lib/gcc/arm-none-eabi/12.2.0/../../../../arm-none-eabi/lib/thumb/v7-m/nofp/libm.a(libm_a-s_floor.o)
                0x0000000008009ae8                floor
 .text.__udivmoddi4
                0x0000000008009bf0      0x2a0 /usr/lib/gcc/arm-none-eabi/12.2.0/thumb/v7-m/nofp/libgcc.a(_udivmoddi4.o)
                0x0000000008009bf0                __udivmoddi4
 *(.glue_7)
 .glue_7        0x0000000008009e90        0x0 linker stubs
 *(.glue_7t)
 .glue_7t       0x0000000008009e90        0x0 linker stubs
 *(.eh_frame)
 .eh_frame      0x0000000008009e90        0x0 /usr/lib/gcc/arm-none-eabi/12.2.0/thumb/v7-m/nofp/crtbegin.o
 *(.init)
 .init          0x0000000008009e90        0x4 /usr/lib/gcc/arm-none-eabi/12.2.0/thumb/v7-m/nofp/crti.o
                0x0000000008009e90                _init
 .init          0x0000000008009e94        0x8 /usr/lib/gcc/arm-none-eabi/12.2.0/thumb/v7-m/nofp/crtn.o
 *(.fini)
 .fini          0x0000000008009e9c        0x4 /usr/lib/gcc/arm-none-eabi/12.2.0/thumb/v7-m/nofp/crti.o
                0x0000000008009e9c                _fini
 .fini          0x0000000008009ea0        0x8 /usr/lib/gcc/arm-none-eabi/12.2.0/thumb/v7-m/nofp/crtn.o
                0x0000000008009ea8                . = ALIGN (0x4)
                0x0000000008009ea8                _etext = .

.vfp11_veneer   0x0000000008009ea8        0x0
 .vfp11_veneer  0x0000000008009ea8        0x0 linker stubs

.v4_bx          0x0000000008009ea8        0x0
 .v4_bx         0x0000000008009ea8        0x0 linker stubs

.iplt           0x0000000008009ea8        0x0
 .iplt          0x0000000008009ea8        0x0 /usr/lib/gcc/arm-none-eabi/12.2.0/thumb/v7-m/nofp/crtbegin.o

.rodata         0x0000000008009ea8      0x270
                0x0000000008009ea8                . = ALIGN (0x4)
 *(.rodata)
 .rodata        0x0000000008009ea8       0x10 ./Drivers/STM32F1xx_HAL_Driver/Src/stm32f1xx_hal_rcc.o
 *(.rodata*)
 .rodata.AHBPrescTable
                0x0000000008009eb8       0x10 ./Core/Src/system_stm32f1xx.o
                0x0000000008009eb8                AHBPrescTable
 .rodata.APBPrescTable
                0x0000000008009ec8        0x8 ./Core/Src/system_stm32f1xx.o
                0x0000000008009ec8                APBPrescTable
 .rodata.atanlo
                0x0000000008009ed0       0x20 /usr/lib/gcc/arm-none-eabi/12.2.0/../../../../arm-none-eabi/lib/thumb/v7-m/nofp/libm.a(libm_a-s_atan.o)
 .rodata.atanhi
                0x0000000008009ef0       0x20 /usr/lib/gcc/arm-none-eabi/12.2.0/../../../../arm-none-eabi/lib/thumb/v7-m/nofp/libm.a(libm_a-s_atan.o)
 .rodata.CSWTCH.9
                0x0000000008009f10       0x18 /usr/lib/gcc/arm-none-eabi/12.2.0/../../../../arm-none-eabi/lib/thumb/v7-m/nofp/libm.a(libm_a-e_atan2.o)
 .rodata.CSWTCH.8
                0x0000000008009f28       0x18 /usr/lib/gcc/arm-none-eabi/12.2.0/../../../../arm-none-eabi/lib/thumb/v7-m/nofp/libm.a(libm_a-e_atan2.o)
 .rodata.npio2_hw
                0x0000000008009f40       0x80 /usr/lib/gcc/arm-none-eabi/12.2.0/../../../../arm-none-eabi/lib/thumb/v7-m/nofp/libm.a(libm_a-e_rem_pio2.o)
 .rodata.two_over_pi
                0x0000000008009fc0      0x108 /usr/lib/gcc/arm-none-eabi/12.2.0/../../../../arm-none-eabi/lib/thumb/v7-m/nofp/libm.a(libm_a-e_rem_pio2.o)
 .rodata.PIo2   0x000000000800a0c8       0x40 /usr/lib/gcc/arm-none-eabi/12.2.0/../../../../arm-none-eabi/lib/thumb/v7-m/nofp/libm.a(libm_a-k_rem_pio2.o)
 .rodata.init_jk
                0x000000000800a108       0x10 /usr/lib/gcc/arm-none-eabi/12.2.0/../../../../arm-none-eabi/lib/thumb/v7-m/nofp/libm.a(libm_a-k_rem_pio2.o)
                0x000000000800a118                . = ALIGN (0x4)

.ARM.extab      0x000000000800a118        0x0
                0x000000000800a118                . = ALIGN (0x4)
 *(.ARM.extab* .gnu.linkonce.armextab.*)
                0x000000000800a118                . = ALIGN (0x4)

.ARM            0x000000000800a118        0x8
                0x000000000800a118                . = ALIGN (0x4)
                0x000000000800a118                __exidx_start = .
 *(.ARM.exidx*)
 .ARM.exidx.text.__udivmoddi4
                0x000000000800a118        0x8 /usr/lib/gcc/arm-none-eabi/12.2.0/thumb/v7-m/nofp/libgcc.a(_udivmoddi4.o)
                0x000000000800a120                __exidx_end = .
                0x000000000800a120                . = ALIGN (0x4)

.rel.dyn        0x000000000800a120        0x0
 .rel.iplt      0x000000000800a120        0x0 /usr/lib/gcc/arm-none-eabi/12.2.0/thumb/v7-m/nofp/crtbegin.o

.preinit_array  0x000000000800a120        0x0
                0x000000000800a120                . = ALIGN (0x4)
                0x000000000800a120                PROVIDE (__preinit_array_start = .)
 *(.preinit_array*)
                0x000000000800a120                PROVIDE (__preinit_array_end = .)
                0x000000000800a120                . = ALIGN (0x4)

.init_array     0x000000000800a120        0x4
                0x000000000800a120                . = ALIGN (0x4)
                0x000000000800a120                PROVIDE (__init_array_start = .)
 *(SORT_BY_NAME(.init_array.*))
 *(.init_array*)
 .init_array    0x000000000800a120        0x4 /usr/lib/gcc/arm-none-eabi/12.2.0/thumb/v7-m/nofp/crtbegin.o
                0x000000000800a124                PROVIDE (__init_array_end = .)
                0x000000000800a124                . = ALIGN (0x4)

.fini_array     0x000000000800a124        0x4
                0x000000000800a124                . = ALIGN (0x4)
                0x000000000800a124                PROVIDE (__fini_array_start = .)
 *(SORT_BY_NAME(.fini_array.*))
 *(.fini_array*)
 .fini_array    0x000000000800a124        0x4 /usr/lib/gcc/arm-none-eabi/12.2.0/thumb/v7-m/nofp/crtbegin.o
                0x000000000800a128                PROVIDE (__fini_array_end = .)
                0x000000000800a128                . = ALIGN (0x4)
                0x000000000800a128                _sidata = LOADADDR (.data)

.data           0x0000000020000000      0x1e0 load address 0x000000000800a128
                0x0000000020000000                . = ALIGN (0x4)
                0x0000000020000000                _sdata = .
 *(.data)
 *(.data*)
 .data.offsets  0x0000000020000000       0x10 ./Core/Src/Motors.o
                0x0000000020000000                offsets
 .data.SR_Read_TIM
                0x0000000020000010        0x4 ./Core/Src/main.o
                0x0000000020000010                SR_Read_TIM
 .data.Motors   0x0000000020000014       0x20 ./Core/Src/main.o
                0x0000000020000014                Motors
 .data.Motor_1  0x0000000020000034        0xc ./Core/Src/main.o
                0x0000000020000034                Motor_1
 .data.Motor_2  0x0000000020000040        0xc ./Core/Src/main.o
                0x0000000020000040                Motor_2
 .data.Motor_3  0x000000002000004c        0xc ./Core/Src/main.o
                0x000000002000004c                Motor_3
 .data.Motor_4  0x0000000020000058        0xc ./Core/Src/main.o
                0x0000000020000058                Motor_4
 .data.MotorDefs
                0x0000000020000064       0x10 ./Core/Src/main.o
                0x0000000020000064                MotorDefs
 .data.zone     0x0000000020000074        0x1 ./Core/Src/main.o
                0x0000000020000074                zone
 *fill*         0x0000000020000075        0x3 
 .data.Sr_l     0x0000000020000078       0x14 ./Core/Src/main.o
                0x0000000020000078                Sr_l
 .data.Sr_r     0x000000002000008c       0x14 ./Core/Src/main.o
                0x000000002000008c                Sr_r
 .data.Sr_b     0x00000000200000a0       0x14 ./Core/Src/main.o
                0x00000000200000a0                Sr_b
 .data.Sr_f     0x00000000200000b4       0x14 ./Core/Src/main.o
                0x00000000200000b4                Sr_f
 .data.Srs      0x00000000200000c8       0x10 ./Core/Src/main.o
                0x00000000200000c8                Srs
 .data.KalmanX  0x00000000200000d8       0x48 ./Core/Src/mpu6050.o
                0x00000000200000d8                KalmanX
 .data.KalmanY  0x0000000020000120       0x48 ./Core/Src/mpu6050.o
                0x0000000020000120                KalmanY
 .data.versionRequest
                0x0000000020000168        0x4 ./Core/Src/pixy.o
                0x0000000020000168                versionRequest
 .data.getBlocks
                0x000000002000016c        0x6 ./Core/Src/pixy.o
                0x000000002000016c                getBlocks
 *fill*         0x0000000020000172        0x2 
 .data.SystemCoreClock
                0x0000000020000174        0x4 ./Core/Src/system_stm32f1xx.o
                0x0000000020000174                SystemCoreClock
 .data.uwTickPrio
                0x0000000020000178        0x4 ./Drivers/STM32F1xx_HAL_Driver/Src/stm32f1xx_hal.o
                0x0000000020000178                uwTickPrio
 .data.uwTickFreq
                0x000000002000017c        0x1 ./Drivers/STM32F1xx_HAL_Driver/Src/stm32f1xx_hal.o
                0x000000002000017c                uwTickFreq
 *fill*         0x000000002000017d        0x3 
 .data._impure_ptr
                0x0000000020000180        0x4 /usr/lib/gcc/arm-none-eabi/12.2.0/../../../../arm-none-eabi/lib/thumb/v7-m/nofp/libc_nano.a(libc_a-impure.o)
                0x0000000020000180                _impure_ptr
 .data._impure_data
                0x0000000020000184       0x4c /usr/lib/gcc/arm-none-eabi/12.2.0/../../../../arm-none-eabi/lib/thumb/v7-m/nofp/libc_nano.a(libc_a-impure.o)
                0x0000000020000184                _impure_data
 .data.tiny     0x00000000200001d0        0x8 /usr/lib/gcc/arm-none-eabi/12.2.0/../../../../arm-none-eabi/lib/thumb/v7-m/nofp/libm.a(libm_a-e_sqrt.o)
 .data.one      0x00000000200001d8        0x8 /usr/lib/gcc/arm-none-eabi/12.2.0/../../../../arm-none-eabi/lib/thumb/v7-m/nofp/libm.a(libm_a-e_sqrt.o)
 *(.RamFunc)
 *(.RamFunc*)
                0x00000000200001e0                . = ALIGN (0x4)
                0x00000000200001e0                _edata = .

.igot.plt       0x00000000200001e0        0x0 load address 0x000000000800a308
 .igot.plt      0x00000000200001e0        0x0 /usr/lib/gcc/arm-none-eabi/12.2.0/thumb/v7-m/nofp/crtbegin.o
                0x00000000200001e0                . = ALIGN (0x4)

.bss            0x00000000200001e0      0x458 load address 0x000000000800a308
                0x00000000200001e0                _sbss = .
                0x00000000200001e0                __bss_start__ = _sbss
 *(.bss)
 *(.bss*)
 .bss.completed.1
                0x00000000200001e0        0x1 /usr/lib/gcc/arm-none-eabi/12.2.0/thumb/v7-m/nofp/crtbegin.o
 *fill*         0x00000000200001e1        0x3 
 .bss.object.0  0x00000000200001e4       0x18 /usr/lib/gcc/arm-none-eabi/12.2.0/thumb/v7-m/nofp/crtbegin.o
 .bss.hi2c2     0x00000000200001fc       0x54 ./Core/Src/i2c.o
                0x00000000200001fc                hi2c2
 .bss.ballTransform
                0x0000000020000250       0x10 ./Core/Src/main.o
                0x0000000020000250                ballTransform
 .bss.ballInView
                0x0000000020000260        0x4 ./Core/Src/main.o
                0x0000000020000260                ballInView
 .bss.pixyChecked
                0x0000000020000264        0x4 ./Core/Src/main.o
                0x0000000020000264                pixyChecked
 .bss.mpu6050   0x0000000020000268       0x78 ./Core/Src/main.o
                0x0000000020000268                mpu6050
 .bss.RateCalibrationRoll
                0x00000000200002e0        0x4 ./Core/Src/main.o
                0x00000000200002e0                RateCalibrationRoll
 .bss.RateCalibrationPitch
                0x00000000200002e4        0x4 ./Core/Src/main.o
                0x00000000200002e4                RateCalibrationPitch
 .bss.RateCalibrationYaw
                0x00000000200002e8        0x4 ./Core/Src/main.o
                0x00000000200002e8                RateCalibrationYaw
 .bss.sx        0x00000000200002ec        0x4 ./Core/Src/main.o
                0x00000000200002ec                sx
 .bss.sy        0x00000000200002f0        0x4 ./Core/Src/main.o
                0x00000000200002f0                sy
 .bss.sz        0x00000000200002f4        0x4 ./Core/Src/main.o
                0x00000000200002f4                sz
 .bss.Gy        0x00000000200002f8        0xc ./Core/Src/main.o
                0x00000000200002f8                Gy
 *fill*         0x0000000020000304        0x4 
 .bss.pve       0x0000000020000308        0x8 ./Core/Src/main.o
                0x0000000020000308                pve
 .bss.SRDatas   0x0000000020000310       0x20 ./Core/Src/main.o
                0x0000000020000310                SRDatas
 .bss.MPUCollibrated
                0x0000000020000330        0x4 ./Core/Src/main.o
                0x0000000020000330                MPUCollibrated
 .bss.InGoal    0x0000000020000334        0x4 ./Core/Src/main.o
                0x0000000020000334                InGoal
 .bss.noBallCounter
                0x0000000020000338        0x8 ./Core/Src/main.o
                0x0000000020000338                noBallCounter
 .bss.backToGoalCounter
                0x0000000020000340        0x8 ./Core/Src/main.o
                0x0000000020000340                backToGoalCounter
 .bss.outState  0x0000000020000348        0x1 ./Core/Src/main.o
                0x0000000020000348                outState
 *fill*         0x0000000020000349        0x3 
 .bss.out_interrupt
                0x000000002000034c        0x4 ./Core/Src/main.o
                0x000000002000034c                out_interrupt
 .bss.outDir    0x0000000020000350        0x4 ./Core/Src/main.o
                0x0000000020000350                outDir
 .bss.backingToGoal
                0x0000000020000354        0x4 ./Core/Src/main.o
                0x0000000020000354                backingToGoal
 .bss.timcounter
                0x0000000020000358        0x8 ./Core/Src/main.o
                0x0000000020000358                timcounter
 .bss.timer     0x0000000020000360        0x4 ./Core/Src/mpu6050.o
                0x0000000020000360                timer
 .bss.buffer_rx
                0x0000000020000364       0x20 ./Core/Src/pixy.o
                0x0000000020000364                buffer_rx
 .bss.hspi1     0x0000000020000384       0x58 ./Core/Src/spi.o
                0x0000000020000384                hspi1
 .bss.htim1     0x00000000200003dc       0x48 ./Core/Src/tim.o
                0x00000000200003dc                htim1
 .bss.htim2     0x0000000020000424       0x48 ./Core/Src/tim.o
                0x0000000020000424                htim2
 .bss.htim3     0x000000002000046c       0x48 ./Core/Src/tim.o
                0x000000002000046c                htim3
 .bss.htim4     0x00000000200004b4       0x48 ./Core/Src/tim.o
                0x00000000200004b4                htim4
 .bss.uwTick    0x00000000200004fc        0x4 ./Drivers/STM32F1xx_HAL_Driver/Src/stm32f1xx_hal.o
                0x00000000200004fc                uwTick
 .bss.__sf      0x0000000020000500      0x138 /usr/lib/gcc/arm-none-eabi/12.2.0/../../../../arm-none-eabi/lib/thumb/v7-m/nofp/libc_nano.a(libc_a-findfp.o)
                0x0000000020000500                __sf
 *(COMMON)
                0x0000000020000638                . = ALIGN (0x4)
                0x0000000020000638                _ebss = .
                0x0000000020000638                __bss_end__ = _ebss

._user_heap_stack
                0x0000000020000638      0x600 load address 0x000000000800a308
                0x0000000020000638                . = ALIGN (0x8)
                [!provide]                        PROVIDE (end = .)
                0x0000000020000638                PROVIDE (_end = .)
                0x0000000020000838                . = (. + _Min_Heap_Size)
 *fill*         0x0000000020000638      0x200 
                0x0000000020000c38                . = (. + _Min_Stack_Size)
 *fill*         0x0000000020000838      0x400 
                0x0000000020000c38                . = ALIGN (0x8)

/DISCARD/
 libc.a(*)
 libm.a(*)
 libgcc.a(*)

.ARM.attributes
                0x0000000000000000       0x29
 *(.ARM.attributes)
 .ARM.attributes
                0x0000000000000000       0x1d /usr/lib/gcc/arm-none-eabi/12.2.0/thumb/v7-m/nofp/crti.o
 .ARM.attributes
                0x000000000000001d       0x2d /usr/lib/gcc/arm-none-eabi/12.2.0/thumb/v7-m/nofp/crtbegin.o
 .ARM.attributes
                0x000000000000004a       0x2d ./Core/Src/Motors.o
 .ARM.attributes
                0x0000000000000077       0x2d ./Core/Src/Movement.o
 .ARM.attributes
                0x00000000000000a4       0x2d ./Core/Src/SR04.o
 .ARM.attributes
                0x00000000000000d1       0x2d ./Core/Src/gpio.o
 .ARM.attributes
                0x00000000000000fe       0x2d ./Core/Src/i2c.o
 .ARM.attributes
                0x000000000000012b       0x2d ./Core/Src/main.o
 .ARM.attributes
                0x0000000000000158       0x2d ./Core/Src/mpu6050.o
 .ARM.attributes
                0x0000000000000185       0x2d ./Core/Src/pixy.o
 .ARM.attributes
                0x00000000000001b2       0x2d ./Core/Src/spi.o
 .ARM.attributes
                0x00000000000001df       0x2d ./Core/Src/stm32f1xx_hal_msp.o
 .ARM.attributes
                0x000000000000020c       0x2d ./Core/Src/stm32f1xx_it.o
 .ARM.attributes
                0x0000000000000239       0x2d ./Core/Src/system_stm32f1xx.o
 .ARM.attributes
                0x0000000000000266       0x2d ./Core/Src/tim.o
 .ARM.attributes
                0x0000000000000293       0x21 ./Core/Startup/startup_stm32f103r8tx.o
 .ARM.attributes
                0x00000000000002b4       0x2d ./Drivers/STM32F1xx_HAL_Driver/Src/stm32f1xx_hal.o
 .ARM.attributes
                0x00000000000002e1       0x2d ./Drivers/STM32F1xx_HAL_Driver/Src/stm32f1xx_hal_cortex.o
 .ARM.attributes
                0x000000000000030e       0x2d ./Drivers/STM32F1xx_HAL_Driver/Src/stm32f1xx_hal_gpio.o
 .ARM.attributes
                0x000000000000033b       0x2d ./Drivers/STM32F1xx_HAL_Driver/Src/stm32f1xx_hal_i2c.o
 .ARM.attributes
                0x0000000000000368       0x2d ./Drivers/STM32F1xx_HAL_Driver/Src/stm32f1xx_hal_rcc.o
 .ARM.attributes
                0x0000000000000395       0x2d ./Drivers/STM32F1xx_HAL_Driver/Src/stm32f1xx_hal_spi.o
 .ARM.attributes
                0x00000000000003c2       0x2d ./Drivers/STM32F1xx_HAL_Driver/Src/stm32f1xx_hal_tim.o
 .ARM.attributes
                0x00000000000003ef       0x2d ./Drivers/STM32F1xx_HAL_Driver/Src/stm32f1xx_hal_tim_ex.o
 .ARM.attributes
                0x000000000000041c       0x2d /usr/lib/gcc/arm-none-eabi/12.2.0/../../../../arm-none-eabi/lib/thumb/v7-m/nofp/libc_nano.a(libc_a-findfp.o)
 .ARM.attributes
                0x0000000000000449       0x2d /usr/lib/gcc/arm-none-eabi/12.2.0/../../../../arm-none-eabi/lib/thumb/v7-m/nofp/libc_nano.a(libc_a-memset.o)
 .ARM.attributes
                0x0000000000000476       0x2d /usr/lib/gcc/arm-none-eabi/12.2.0/../../../../arm-none-eabi/lib/thumb/v7-m/nofp/libc_nano.a(libc_a-impure.o)
 .ARM.attributes
                0x00000000000004a3       0x2d /usr/lib/gcc/arm-none-eabi/12.2.0/../../../../arm-none-eabi/lib/thumb/v7-m/nofp/libc_nano.a(libc_a-errno.o)
 .ARM.attributes
                0x00000000000004d0       0x2d /usr/lib/gcc/arm-none-eabi/12.2.0/../../../../arm-none-eabi/lib/thumb/v7-m/nofp/libc_nano.a(libc_a-init.o)
 .ARM.attributes
                0x00000000000004fd       0x2d /usr/lib/gcc/arm-none-eabi/12.2.0/../../../../arm-none-eabi/lib/thumb/v7-m/nofp/libm.a(libm_a-w_atan2.o)
 .ARM.attributes
                0x000000000000052a       0x2d /usr/lib/gcc/arm-none-eabi/12.2.0/../../../../arm-none-eabi/lib/thumb/v7-m/nofp/libm.a(libm_a-w_pow.o)
 .ARM.attributes
                0x0000000000000557       0x2d /usr/lib/gcc/arm-none-eabi/12.2.0/../../../../arm-none-eabi/lib/thumb/v7-m/nofp/libm.a(libm_a-w_sqrt.o)
 .ARM.attributes
                0x0000000000000584       0x2d /usr/lib/gcc/arm-none-eabi/12.2.0/../../../../arm-none-eabi/lib/thumb/v7-m/nofp/libm.a(libm_a-s_atan.o)
 .ARM.attributes
                0x00000000000005b1       0x2d /usr/lib/gcc/arm-none-eabi/12.2.0/../../../../arm-none-eabi/lib/thumb/v7-m/nofp/libm.a(libm_a-s_fabs.o)
 .ARM.attributes
                0x00000000000005de       0x2d /usr/lib/gcc/arm-none-eabi/12.2.0/../../../../arm-none-eabi/lib/thumb/v7-m/nofp/libm.a(libm_a-s_sin.o)
 .ARM.attributes
                0x000000000000060b       0x2d /usr/lib/gcc/arm-none-eabi/12.2.0/../../../../arm-none-eabi/lib/thumb/v7-m/nofp/libm.a(libm_a-s_finite.o)
 .ARM.attributes
                0x0000000000000638       0x2d /usr/lib/gcc/arm-none-eabi/12.2.0/../../../../arm-none-eabi/lib/thumb/v7-m/nofp/libm.a(libm_a-e_sqrt.o)
 .ARM.attributes
                0x0000000000000665       0x2d /usr/lib/gcc/arm-none-eabi/12.2.0/../../../../arm-none-eabi/lib/thumb/v7-m/nofp/libm.a(libm_a-k_cos.o)
 .ARM.attributes
                0x0000000000000692       0x2d /usr/lib/gcc/arm-none-eabi/12.2.0/../../../../arm-none-eabi/lib/thumb/v7-m/nofp/libm.a(libm_a-k_sin.o)
 .ARM.attributes
                0x00000000000006bf       0x2d /usr/lib/gcc/arm-none-eabi/12.2.0/../../../../arm-none-eabi/lib/thumb/v7-m/nofp/libm.a(libm_a-e_atan2.o)
 .ARM.attributes
                0x00000000000006ec       0x2d /usr/lib/gcc/arm-none-eabi/12.2.0/../../../../arm-none-eabi/lib/thumb/v7-m/nofp/libm.a(libm_a-e_pow.o)
 .ARM.attributes
                0x0000000000000719       0x2d /usr/lib/gcc/arm-none-eabi/12.2.0/../../../../arm-none-eabi/lib/thumb/v7-m/nofp/libm.a(libm_a-e_rem_pio2.o)
 .ARM.attributes
                0x0000000000000746       0x2d /usr/lib/gcc/arm-none-eabi/12.2.0/../../../../arm-none-eabi/lib/thumb/v7-m/nofp/libm.a(libm_a-s_scalbn.o)
 .ARM.attributes
                0x0000000000000773       0x2d /usr/lib/gcc/arm-none-eabi/12.2.0/../../../../arm-none-eabi/lib/thumb/v7-m/nofp/libm.a(libm_a-math_err.o)
 .ARM.attributes
                0x00000000000007a0       0x2d /usr/lib/gcc/arm-none-eabi/12.2.0/../../../../arm-none-eabi/lib/thumb/v7-m/nofp/libm.a(libm_a-k_rem_pio2.o)
 .ARM.attributes
                0x00000000000007cd       0x2d /usr/lib/gcc/arm-none-eabi/12.2.0/../../../../arm-none-eabi/lib/thumb/v7-m/nofp/libm.a(libm_a-s_floor.o)
 .ARM.attributes
                0x00000000000007fa       0x1d /usr/lib/gcc/arm-none-eabi/12.2.0/thumb/v7-m/nofp/libgcc.a(_arm_addsubdf3.o)
 .ARM.attributes
                0x0000000000000817       0x1d /usr/lib/gcc/arm-none-eabi/12.2.0/thumb/v7-m/nofp/libgcc.a(_arm_muldivdf3.o)
 .ARM.attributes
                0x0000000000000834       0x1d /usr/lib/gcc/arm-none-eabi/12.2.0/thumb/v7-m/nofp/libgcc.a(_arm_cmpdf2.o)
 .ARM.attributes
                0x0000000000000851       0x1d /usr/lib/gcc/arm-none-eabi/12.2.0/thumb/v7-m/nofp/libgcc.a(_arm_unorddf2.o)
 .ARM.attributes
                0x000000000000086e       0x1d /usr/lib/gcc/arm-none-eabi/12.2.0/thumb/v7-m/nofp/libgcc.a(_arm_fixdfsi.o)
 .ARM.attributes
                0x000000000000088b       0x1d /usr/lib/gcc/arm-none-eabi/12.2.0/thumb/v7-m/nofp/libgcc.a(_arm_fixunsdfsi.o)
 .ARM.attributes
                0x00000000000008a8       0x1d /usr/lib/gcc/arm-none-eabi/12.2.0/thumb/v7-m/nofp/libgcc.a(_arm_truncdfsf2.o)
 .ARM.attributes
                0x00000000000008c5       0x1d /usr/lib/gcc/arm-none-eabi/12.2.0/thumb/v7-m/nofp/libgcc.a(_arm_addsubsf3.o)
 .ARM.attributes
                0x00000000000008e2       0x1d /usr/lib/gcc/arm-none-eabi/12.2.0/thumb/v7-m/nofp/libgcc.a(_arm_muldivsf3.o)
 .ARM.attributes
                0x00000000000008ff       0x1d /usr/lib/gcc/arm-none-eabi/12.2.0/thumb/v7-m/nofp/libgcc.a(_arm_fixsfsi.o)
 .ARM.attributes
                0x000000000000091c       0x1d /usr/lib/gcc/arm-none-eabi/12.2.0/thumb/v7-m/nofp/libgcc.a(_aeabi_uldivmod.o)
 .ARM.attributes
                0x0000000000000939       0x2d /usr/lib/gcc/arm-none-eabi/12.2.0/thumb/v7-m/nofp/libgcc.a(_udivmoddi4.o)
 .ARM.attributes
                0x0000000000000966       0x1d /usr/lib/gcc/arm-none-eabi/12.2.0/thumb/v7-m/nofp/libgcc.a(_dvmd_tls.o)
 .ARM.attributes
                0x0000000000000983       0x1d /usr/lib/gcc/arm-none-eabi/12.2.0/thumb/v7-m/nofp/crtn.o
OUTPUT(RoboCupNew1.elf elf32-littlearm)
LOAD linker stubs
LOAD /usr/lib/gcc/arm-none-eabi/12.2.0/../../../../arm-none-eabi/lib/thumb/v7-m/nofp/libc.a
LOAD /usr/lib/gcc/arm-none-eabi/12.2.0/../../../../arm-none-eabi/lib/thumb/v7-m/nofp/libm.a
LOAD /usr/lib/gcc/arm-none-eabi/12.2.0/thumb/v7-m/nofp/libgcc.a

.debug_info     0x0000000000000000    0x12727
 .debug_info    0x0000000000000000      0x4d8 ./Core/Src/Motors.o
 .debug_info    0x00000000000004d8      0x54c ./Core/Src/Movement.o
 .debug_info    0x0000000000000a24      0x82d ./Core/Src/SR04.o
 .debug_info    0x0000000000001251      0x432 ./Core/Src/gpio.o
 .debug_info    0x0000000000001683      0x7de ./Core/Src/i2c.o
 .debug_info    0x0000000000001e61     0x156c ./Core/Src/main.o
 .debug_info    0x00000000000033cd      0xbee ./Core/Src/mpu6050.o
 .debug_info    0x0000000000003fbb      0x6f5 ./Core/Src/pixy.o
 .debug_info    0x00000000000046b0      0x844 ./Core/Src/spi.o
 .debug_info    0x0000000000004ef4      0x1f1 ./Core/Src/stm32f1xx_hal_msp.o
 .debug_info    0x00000000000050e5      0x6d6 ./Core/Src/stm32f1xx_it.o
 .debug_info    0x00000000000057bb      0x222 ./Core/Src/system_stm32f1xx.o
 .debug_info    0x00000000000059dd      0xda9 ./Core/Src/tim.o
 .debug_info    0x0000000000006786       0x2e ./Core/Startup/startup_stm32f103r8tx.o
 .debug_info    0x00000000000067b4      0x704 ./Drivers/STM32F1xx_HAL_Driver/Src/stm32f1xx_hal.o
 .debug_info    0x0000000000006eb8      0xa87 ./Drivers/STM32F1xx_HAL_Driver/Src/stm32f1xx_hal_cortex.o
 .debug_info    0x000000000000793f      0x5ab ./Drivers/STM32F1xx_HAL_Driver/Src/stm32f1xx_hal_gpio.o
 .debug_info    0x0000000000007eea     0x24eb ./Drivers/STM32F1xx_HAL_Driver/Src/stm32f1xx_hal_i2c.o
 .debug_info    0x000000000000a3d5      0x7e9 ./Drivers/STM32F1xx_HAL_Driver/Src/stm32f1xx_hal_rcc.o
 .debug_info    0x000000000000abbe     0x14fe ./Drivers/STM32F1xx_HAL_Driver/Src/stm32f1xx_hal_spi.o
 .debug_info    0x000000000000c0bc     0x2789 ./Drivers/STM32F1xx_HAL_Driver/Src/stm32f1xx_hal_tim.o
 .debug_info    0x000000000000e845     0x13f1 ./Drivers/STM32F1xx_HAL_Driver/Src/stm32f1xx_hal_tim_ex.o
 .debug_info    0x000000000000fc36      0xfa9 /usr/lib/gcc/arm-none-eabi/12.2.0/../../../../arm-none-eabi/lib/thumb/v7-m/nofp/libc_nano.a(libc_a-findfp.o)
 .debug_info    0x0000000000010bdf       0xe0 /usr/lib/gcc/arm-none-eabi/12.2.0/../../../../arm-none-eabi/lib/thumb/v7-m/nofp/libc_nano.a(libc_a-memset.o)
 .debug_info    0x0000000000010cbf      0x715 /usr/lib/gcc/arm-none-eabi/12.2.0/../../../../arm-none-eabi/lib/thumb/v7-m/nofp/libc_nano.a(libc_a-impure.o)
 .debug_info    0x00000000000113d4      0x6fb /usr/lib/gcc/arm-none-eabi/12.2.0/../../../../arm-none-eabi/lib/thumb/v7-m/nofp/libc_nano.a(libc_a-errno.o)
 .debug_info    0x0000000000011acf      0x10b /usr/lib/gcc/arm-none-eabi/12.2.0/../../../../arm-none-eabi/lib/thumb/v7-m/nofp/libc_nano.a(libc_a-init.o)
 .debug_info    0x0000000000011bda       0xc0 /usr/lib/gcc/arm-none-eabi/12.2.0/thumb/v7-m/nofp/libgcc.a(_arm_addsubdf3.o)
 .debug_info    0x0000000000011c9a       0x52 /usr/lib/gcc/arm-none-eabi/12.2.0/thumb/v7-m/nofp/libgcc.a(_arm_muldivdf3.o)
 .debug_info    0x0000000000011cec       0xc0 /usr/lib/gcc/arm-none-eabi/12.2.0/thumb/v7-m/nofp/libgcc.a(_arm_cmpdf2.o)
 .debug_info    0x0000000000011dac       0x39 /usr/lib/gcc/arm-none-eabi/12.2.0/thumb/v7-m/nofp/libgcc.a(_arm_unorddf2.o)
 .debug_info    0x0000000000011de5       0x39 /usr/lib/gcc/arm-none-eabi/12.2.0/thumb/v7-m/nofp/libgcc.a(_arm_fixdfsi.o)
 .debug_info    0x0000000000011e1e       0x39 /usr/lib/gcc/arm-none-eabi/12.2.0/thumb/v7-m/nofp/libgcc.a(_arm_fixunsdfsi.o)
 .debug_info    0x0000000000011e57       0x3c /usr/lib/gcc/arm-none-eabi/12.2.0/thumb/v7-m/nofp/libgcc.a(_arm_truncdfsf2.o)
 .debug_info    0x0000000000011e93       0xaf /usr/lib/gcc/arm-none-eabi/12.2.0/thumb/v7-m/nofp/libgcc.a(_arm_addsubsf3.o)
 .debug_info    0x0000000000011f42       0x52 /usr/lib/gcc/arm-none-eabi/12.2.0/thumb/v7-m/nofp/libgcc.a(_arm_muldivsf3.o)
 .debug_info    0x0000000000011f94       0x39 /usr/lib/gcc/arm-none-eabi/12.2.0/thumb/v7-m/nofp/libgcc.a(_arm_fixsfsi.o)
 .debug_info    0x0000000000011fcd       0x24 /usr/lib/gcc/arm-none-eabi/12.2.0/thumb/v7-m/nofp/libgcc.a(_aeabi_uldivmod.o)
 .debug_info    0x0000000000011ff1      0x6fd /usr/lib/gcc/arm-none-eabi/12.2.0/thumb/v7-m/nofp/libgcc.a(_udivmoddi4.o)
 .debug_info    0x00000000000126ee       0x39 /usr/lib/gcc/arm-none-eabi/12.2.0/thumb/v7-m/nofp/libgcc.a(_dvmd_tls.o)

.debug_abbrev   0x0000000000000000     0x36a8
 .debug_abbrev  0x0000000000000000      0x1b4 ./Core/Src/Motors.o
 .debug_abbrev  0x00000000000001b4      0x1a3 ./Core/Src/Movement.o
 .debug_abbrev  0x0000000000000357      0x1e6 ./Core/Src/SR04.o
 .debug_abbrev  0x000000000000053d      0x161 ./Core/Src/gpio.o
 .debug_abbrev  0x000000000000069e      0x1de ./Core/Src/i2c.o
 .debug_abbrev  0x000000000000087c      0x336 ./Core/Src/main.o
 .debug_abbrev  0x0000000000000bb2      0x235 ./Core/Src/mpu6050.o
 .debug_abbrev  0x0000000000000de7      0x1d6 ./Core/Src/pixy.o
 .debug_abbrev  0x0000000000000fbd      0x1f1 ./Core/Src/spi.o
 .debug_abbrev  0x00000000000011ae       0xdb ./Core/Src/stm32f1xx_hal_msp.o
 .debug_abbrev  0x0000000000001289      0x1a6 ./Core/Src/stm32f1xx_it.o
 .debug_abbrev  0x000000000000142f      0x13f ./Core/Src/system_stm32f1xx.o
 .debug_abbrev  0x000000000000156e      0x27e ./Core/Src/tim.o
 .debug_abbrev  0x00000000000017ec       0x1d ./Core/Startup/startup_stm32f103r8tx.o
 .debug_abbrev  0x0000000000001809      0x201 ./Drivers/STM32F1xx_HAL_Driver/Src/stm32f1xx_hal.o
 .debug_abbrev  0x0000000000001a0a      0x2f8 ./Drivers/STM32F1xx_HAL_Driver/Src/stm32f1xx_hal_cortex.o
 .debug_abbrev  0x0000000000001d02      0x1ca ./Drivers/STM32F1xx_HAL_Driver/Src/stm32f1xx_hal_gpio.o
 .debug_abbrev  0x0000000000001ecc      0x2a3 ./Drivers/STM32F1xx_HAL_Driver/Src/stm32f1xx_hal_i2c.o
 .debug_abbrev  0x000000000000216f      0x2b1 ./Drivers/STM32F1xx_HAL_Driver/Src/stm32f1xx_hal_rcc.o
 .debug_abbrev  0x0000000000002420      0x284 ./Drivers/STM32F1xx_HAL_Driver/Src/stm32f1xx_hal_spi.o
 .debug_abbrev  0x00000000000026a4      0x270 ./Drivers/STM32F1xx_HAL_Driver/Src/stm32f1xx_hal_tim.o
 .debug_abbrev  0x0000000000002914      0x27b ./Drivers/STM32F1xx_HAL_Driver/Src/stm32f1xx_hal_tim_ex.o
 .debug_abbrev  0x0000000000002b8f      0x424 /usr/lib/gcc/arm-none-eabi/12.2.0/../../../../arm-none-eabi/lib/thumb/v7-m/nofp/libc_nano.a(libc_a-findfp.o)
 .debug_abbrev  0x0000000000002fb3       0x9e /usr/lib/gcc/arm-none-eabi/12.2.0/../../../../arm-none-eabi/lib/thumb/v7-m/nofp/libc_nano.a(libc_a-memset.o)
 .debug_abbrev  0x0000000000003051      0x149 /usr/lib/gcc/arm-none-eabi/12.2.0/../../../../arm-none-eabi/lib/thumb/v7-m/nofp/libc_nano.a(libc_a-impure.o)
 .debug_abbrev  0x000000000000319a      0x15e /usr/lib/gcc/arm-none-eabi/12.2.0/../../../../arm-none-eabi/lib/thumb/v7-m/nofp/libc_nano.a(libc_a-errno.o)
 .debug_abbrev  0x00000000000032f8       0xc9 /usr/lib/gcc/arm-none-eabi/12.2.0/../../../../arm-none-eabi/lib/thumb/v7-m/nofp/libc_nano.a(libc_a-init.o)
 .debug_abbrev  0x00000000000033c1       0x21 /usr/lib/gcc/arm-none-eabi/12.2.0/thumb/v7-m/nofp/libgcc.a(_arm_addsubdf3.o)
 .debug_abbrev  0x00000000000033e2       0x21 /usr/lib/gcc/arm-none-eabi/12.2.0/thumb/v7-m/nofp/libgcc.a(_arm_muldivdf3.o)
 .debug_abbrev  0x0000000000003403       0x21 /usr/lib/gcc/arm-none-eabi/12.2.0/thumb/v7-m/nofp/libgcc.a(_arm_cmpdf2.o)
 .debug_abbrev  0x0000000000003424       0x21 /usr/lib/gcc/arm-none-eabi/12.2.0/thumb/v7-m/nofp/libgcc.a(_arm_unorddf2.o)
 .debug_abbrev  0x0000000000003445       0x21 /usr/lib/gcc/arm-none-eabi/12.2.0/thumb/v7-m/nofp/libgcc.a(_arm_fixdfsi.o)
 .debug_abbrev  0x0000000000003466       0x21 /usr/lib/gcc/arm-none-eabi/12.2.0/thumb/v7-m/nofp/libgcc.a(_arm_fixunsdfsi.o)
 .debug_abbrev  0x0000000000003487       0x21 /usr/lib/gcc/arm-none-eabi/12.2.0/thumb/v7-m/nofp/libgcc.a(_arm_truncdfsf2.o)
 .debug_abbrev  0x00000000000034a8       0x21 /usr/lib/gcc/arm-none-eabi/12.2.0/thumb/v7-m/nofp/libgcc.a(_arm_addsubsf3.o)
 .debug_abbrev  0x00000000000034c9       0x21 /usr/lib/gcc/arm-none-eabi/12.2.0/thumb/v7-m/nofp/libgcc.a(_arm_muldivsf3.o)
 .debug_abbrev  0x00000000000034ea       0x21 /usr/lib/gcc/arm-none-eabi/12.2.0/thumb/v7-m/nofp/libgcc.a(_arm_fixsfsi.o)
 .debug_abbrev  0x000000000000350b       0x14 /usr/lib/gcc/arm-none-eabi/12.2.0/thumb/v7-m/nofp/libgcc.a(_aeabi_uldivmod.o)
 .debug_abbrev  0x000000000000351f      0x16a /usr/lib/gcc/arm-none-eabi/12.2.0/thumb/v7-m/nofp/libgcc.a(_udivmoddi4.o)
 .debug_abbrev  0x0000000000003689       0x1f /usr/lib/gcc/arm-none-eabi/12.2.0/thumb/v7-m/nofp/libgcc.a(_dvmd_tls.o)

.debug_aranges  0x0000000000000000     0x1218
 .debug_aranges
                0x0000000000000000       0x30 ./Core/Src/Motors.o
 .debug_aranges
                0x0000000000000030       0x38 ./Core/Src/Movement.o
 .debug_aranges
                0x0000000000000068       0x30 ./Core/Src/SR04.o
 .debug_aranges
                0x0000000000000098       0x20 ./Core/Src/gpio.o
 .debug_aranges
                0x00000000000000b8       0x30 ./Core/Src/i2c.o
 .debug_aranges
                0x00000000000000e8       0x60 ./Core/Src/main.o
 .debug_aranges
                0x0000000000000148       0x48 ./Core/Src/mpu6050.o
 .debug_aranges
                0x0000000000000190       0x28 ./Core/Src/pixy.o
 .debug_aranges
                0x00000000000001b8       0x30 ./Core/Src/spi.o
 .debug_aranges
                0x00000000000001e8       0x20 ./Core/Src/stm32f1xx_hal_msp.o
 .debug_aranges
                0x0000000000000208       0x70 ./Core/Src/stm32f1xx_it.o
 .debug_aranges
                0x0000000000000278       0x28 ./Core/Src/system_stm32f1xx.o
 .debug_aranges
                0x00000000000002a0       0x50 ./Core/Src/tim.o
 .debug_aranges
                0x00000000000002f0       0x28 ./Core/Startup/startup_stm32f103r8tx.o
 .debug_aranges
                0x0000000000000318       0xe0 ./Drivers/STM32F1xx_HAL_Driver/Src/stm32f1xx_hal.o
 .debug_aranges
                0x00000000000003f8      0x100 ./Drivers/STM32F1xx_HAL_Driver/Src/stm32f1xx_hal_cortex.o
 .debug_aranges
                0x00000000000004f8       0x58 ./Drivers/STM32F1xx_HAL_Driver/Src/stm32f1xx_hal_gpio.o
 .debug_aranges
                0x0000000000000550      0x2a0 ./Drivers/STM32F1xx_HAL_Driver/Src/stm32f1xx_hal_i2c.o
 .debug_aranges
                0x00000000000007f0       0x90 ./Drivers/STM32F1xx_HAL_Driver/Src/stm32f1xx_hal_rcc.o
 .debug_aranges
                0x0000000000000880      0x1d0 ./Drivers/STM32F1xx_HAL_Driver/Src/stm32f1xx_hal_spi.o
 .debug_aranges
                0x0000000000000a50      0x3d0 ./Drivers/STM32F1xx_HAL_Driver/Src/stm32f1xx_hal_tim.o
 .debug_aranges
                0x0000000000000e20      0x168 ./Drivers/STM32F1xx_HAL_Driver/Src/stm32f1xx_hal_tim_ex.o
 .debug_aranges
                0x0000000000000f88       0x78 /usr/lib/gcc/arm-none-eabi/12.2.0/../../../../arm-none-eabi/lib/thumb/v7-m/nofp/libc_nano.a(libc_a-findfp.o)
 .debug_aranges
                0x0000000000001000       0x20 /usr/lib/gcc/arm-none-eabi/12.2.0/../../../../arm-none-eabi/lib/thumb/v7-m/nofp/libc_nano.a(libc_a-memset.o)
 .debug_aranges
                0x0000000000001020       0x18 /usr/lib/gcc/arm-none-eabi/12.2.0/../../../../arm-none-eabi/lib/thumb/v7-m/nofp/libc_nano.a(libc_a-impure.o)
 .debug_aranges
                0x0000000000001038       0x20 /usr/lib/gcc/arm-none-eabi/12.2.0/../../../../arm-none-eabi/lib/thumb/v7-m/nofp/libc_nano.a(libc_a-errno.o)
 .debug_aranges
                0x0000000000001058       0x20 /usr/lib/gcc/arm-none-eabi/12.2.0/../../../../arm-none-eabi/lib/thumb/v7-m/nofp/libc_nano.a(libc_a-init.o)
 .debug_aranges
                0x0000000000001078       0x20 /usr/lib/gcc/arm-none-eabi/12.2.0/thumb/v7-m/nofp/libgcc.a(_arm_addsubdf3.o)
 .debug_aranges
                0x0000000000001098       0x20 /usr/lib/gcc/arm-none-eabi/12.2.0/thumb/v7-m/nofp/libgcc.a(_arm_muldivdf3.o)
 .debug_aranges
                0x00000000000010b8       0x20 /usr/lib/gcc/arm-none-eabi/12.2.0/thumb/v7-m/nofp/libgcc.a(_arm_cmpdf2.o)
 .debug_aranges
                0x00000000000010d8       0x20 /usr/lib/gcc/arm-none-eabi/12.2.0/thumb/v7-m/nofp/libgcc.a(_arm_unorddf2.o)
 .debug_aranges
                0x00000000000010f8       0x20 /usr/lib/gcc/arm-none-eabi/12.2.0/thumb/v7-m/nofp/libgcc.a(_arm_fixdfsi.o)
 .debug_aranges
                0x0000000000001118       0x20 /usr/lib/gcc/arm-none-eabi/12.2.0/thumb/v7-m/nofp/libgcc.a(_arm_fixunsdfsi.o)
 .debug_aranges
                0x0000000000001138       0x20 /usr/lib/gcc/arm-none-eabi/12.2.0/thumb/v7-m/nofp/libgcc.a(_arm_truncdfsf2.o)
 .debug_aranges
                0x0000000000001158       0x20 /usr/lib/gcc/arm-none-eabi/12.2.0/thumb/v7-m/nofp/libgcc.a(_arm_addsubsf3.o)
 .debug_aranges
                0x0000000000001178       0x20 /usr/lib/gcc/arm-none-eabi/12.2.0/thumb/v7-m/nofp/libgcc.a(_arm_muldivsf3.o)
 .debug_aranges
                0x0000000000001198       0x20 /usr/lib/gcc/arm-none-eabi/12.2.0/thumb/v7-m/nofp/libgcc.a(_arm_fixsfsi.o)
 .debug_aranges
                0x00000000000011b8       0x20 /usr/lib/gcc/arm-none-eabi/12.2.0/thumb/v7-m/nofp/libgcc.a(_aeabi_uldivmod.o)
 .debug_aranges
                0x00000000000011d8       0x20 /usr/lib/gcc/arm-none-eabi/12.2.0/thumb/v7-m/nofp/libgcc.a(_udivmoddi4.o)
 .debug_aranges
                0x00000000000011f8       0x20 /usr/lib/gcc/arm-none-eabi/12.2.0/thumb/v7-m/nofp/libgcc.a(_dvmd_tls.o)

.debug_rnglists
                0x0000000000000000     0x106c
 .debug_rnglists
                0x0000000000000000       0x21 ./Core/Src/Motors.o
 .debug_rnglists
                0x0000000000000021       0x27 ./Core/Src/Movement.o
 .debug_rnglists
                0x0000000000000048       0x20 ./Core/Src/SR04.o
 .debug_rnglists
                0x0000000000000068       0x14 ./Core/Src/gpio.o
 .debug_rnglists
                0x000000000000007c       0x20 ./Core/Src/i2c.o
 .debug_rnglists
                0x000000000000009c       0x48 ./Core/Src/main.o
 .debug_rnglists
                0x00000000000000e4       0x36 ./Core/Src/mpu6050.o
 .debug_rnglists
                0x000000000000011a       0x1a ./Core/Src/pixy.o
 .debug_rnglists
                0x0000000000000134       0x20 ./Core/Src/spi.o
 .debug_rnglists
                0x0000000000000154       0x13 ./Core/Src/stm32f1xx_hal_msp.o
 .debug_rnglists
                0x0000000000000167       0x4f ./Core/Src/stm32f1xx_it.o
 .debug_rnglists
                0x00000000000001b6       0x1a ./Core/Src/system_stm32f1xx.o
 .debug_rnglists
                0x00000000000001d0       0x3e ./Core/Src/tim.o
 .debug_rnglists
                0x000000000000020e       0x19 ./Core/Startup/startup_stm32f103r8tx.o
 .debug_rnglists
                0x0000000000000227       0xa3 ./Drivers/STM32F1xx_HAL_Driver/Src/stm32f1xx_hal.o
 .debug_rnglists
                0x00000000000002ca       0xbb ./Drivers/STM32F1xx_HAL_Driver/Src/stm32f1xx_hal_cortex.o
 .debug_rnglists
                0x0000000000000385       0x3f ./Drivers/STM32F1xx_HAL_Driver/Src/stm32f1xx_hal_gpio.o
 .debug_rnglists
                0x00000000000003c4      0x23f ./Drivers/STM32F1xx_HAL_Driver/Src/stm32f1xx_hal_i2c.o
 .debug_rnglists
                0x0000000000000603       0x6c ./Drivers/STM32F1xx_HAL_Driver/Src/stm32f1xx_hal_rcc.o
 .debug_rnglists
                0x000000000000066f      0x16e ./Drivers/STM32F1xx_HAL_Driver/Src/stm32f1xx_hal_spi.o
 .debug_rnglists
                0x00000000000007dd      0x31a ./Drivers/STM32F1xx_HAL_Driver/Src/stm32f1xx_hal_tim.o
 .debug_rnglists
                0x0000000000000af7      0x125 ./Drivers/STM32F1xx_HAL_Driver/Src/stm32f1xx_hal_tim_ex.o
 .debug_rnglists
                0x0000000000000c1c       0x7d /usr/lib/gcc/arm-none-eabi/12.2.0/../../../../arm-none-eabi/lib/thumb/v7-m/nofp/libc_nano.a(libc_a-findfp.o)
 .debug_rnglists
                0x0000000000000c99       0x13 /usr/lib/gcc/arm-none-eabi/12.2.0/../../../../arm-none-eabi/lib/thumb/v7-m/nofp/libc_nano.a(libc_a-memset.o)
 .debug_rnglists
                0x0000000000000cac       0x13 /usr/lib/gcc/arm-none-eabi/12.2.0/../../../../arm-none-eabi/lib/thumb/v7-m/nofp/libc_nano.a(libc_a-errno.o)
 .debug_rnglists
                0x0000000000000cbf       0x13 /usr/lib/gcc/arm-none-eabi/12.2.0/../../../../arm-none-eabi/lib/thumb/v7-m/nofp/libc_nano.a(libc_a-init.o)
 .debug_rnglists
                0x0000000000000cd2       0x13 /usr/lib/gcc/arm-none-eabi/12.2.0/../../../../arm-none-eabi/lib/thumb/v7-m/nofp/libm.a(libm_a-w_atan2.o)
 .debug_rnglists
                0x0000000000000ce5       0x14 /usr/lib/gcc/arm-none-eabi/12.2.0/../../../../arm-none-eabi/lib/thumb/v7-m/nofp/libm.a(libm_a-w_pow.o)
 .debug_rnglists
                0x0000000000000cf9       0x13 /usr/lib/gcc/arm-none-eabi/12.2.0/../../../../arm-none-eabi/lib/thumb/v7-m/nofp/libm.a(libm_a-w_sqrt.o)
 .debug_rnglists
                0x0000000000000d0c       0x28 /usr/lib/gcc/arm-none-eabi/12.2.0/../../../../arm-none-eabi/lib/thumb/v7-m/nofp/libm.a(libm_a-s_atan.o)
 .debug_rnglists
                0x0000000000000d34       0x13 /usr/lib/gcc/arm-none-eabi/12.2.0/../../../../arm-none-eabi/lib/thumb/v7-m/nofp/libm.a(libm_a-s_fabs.o)
 .debug_rnglists
                0x0000000000000d47       0x14 /usr/lib/gcc/arm-none-eabi/12.2.0/../../../../arm-none-eabi/lib/thumb/v7-m/nofp/libm.a(libm_a-s_sin.o)
 .debug_rnglists
                0x0000000000000d5b       0x13 /usr/lib/gcc/arm-none-eabi/12.2.0/../../../../arm-none-eabi/lib/thumb/v7-m/nofp/libm.a(libm_a-s_finite.o)
 .debug_rnglists
                0x0000000000000d6e       0x2c /usr/lib/gcc/arm-none-eabi/12.2.0/../../../../arm-none-eabi/lib/thumb/v7-m/nofp/libm.a(libm_a-e_sqrt.o)
 .debug_rnglists
                0x0000000000000d9a       0x20 /usr/lib/gcc/arm-none-eabi/12.2.0/../../../../arm-none-eabi/lib/thumb/v7-m/nofp/libm.a(libm_a-k_cos.o)
 .debug_rnglists
                0x0000000000000dba       0x14 /usr/lib/gcc/arm-none-eabi/12.2.0/../../../../arm-none-eabi/lib/thumb/v7-m/nofp/libm.a(libm_a-k_sin.o)
 .debug_rnglists
                0x0000000000000dce       0x38 /usr/lib/gcc/arm-none-eabi/12.2.0/../../../../arm-none-eabi/lib/thumb/v7-m/nofp/libm.a(libm_a-e_atan2.o)
 .debug_rnglists
                0x0000000000000e06       0xe4 /usr/lib/gcc/arm-none-eabi/12.2.0/../../../../arm-none-eabi/lib/thumb/v7-m/nofp/libm.a(libm_a-e_pow.o)
 .debug_rnglists
                0x0000000000000eea       0x49 /usr/lib/gcc/arm-none-eabi/12.2.0/../../../../arm-none-eabi/lib/thumb/v7-m/nofp/libm.a(libm_a-e_rem_pio2.o)
 .debug_rnglists
                0x0000000000000f33       0x3b /usr/lib/gcc/arm-none-eabi/12.2.0/../../../../arm-none-eabi/lib/thumb/v7-m/nofp/libm.a(libm_a-s_scalbn.o)
 .debug_rnglists
                0x0000000000000f6e       0x43 /usr/lib/gcc/arm-none-eabi/12.2.0/../../../../arm-none-eabi/lib/thumb/v7-m/nofp/libm.a(libm_a-math_err.o)
 .debug_rnglists
                0x0000000000000fb1       0x14 /usr/lib/gcc/arm-none-eabi/12.2.0/../../../../arm-none-eabi/lib/thumb/v7-m/nofp/libm.a(libm_a-k_rem_pio2.o)
 .debug_rnglists
                0x0000000000000fc5       0x34 /usr/lib/gcc/arm-none-eabi/12.2.0/../../../../arm-none-eabi/lib/thumb/v7-m/nofp/libm.a(libm_a-s_floor.o)
 .debug_rnglists
                0x0000000000000ff9       0x73 /usr/lib/gcc/arm-none-eabi/12.2.0/thumb/v7-m/nofp/libgcc.a(_udivmoddi4.o)

.debug_macro    0x0000000000000000    0x18f50
 .debug_macro   0x0000000000000000      0x2ae ./Core/Src/Motors.o
 .debug_macro   0x00000000000002ae      0xaa8 ./Core/Src/Motors.o
 .debug_macro   0x0000000000000d56      0x221 ./Core/Src/Motors.o
 .debug_macro   0x0000000000000f77       0x2e ./Core/Src/Motors.o
 .debug_macro   0x0000000000000fa5       0x22 ./Core/Src/Motors.o
 .debug_macro   0x0000000000000fc7       0x22 ./Core/Src/Motors.o
 .debug_macro   0x0000000000000fe9       0x8e ./Core/Src/Motors.o
 .debug_macro   0x0000000000001077       0x51 ./Core/Src/Motors.o
 .debug_macro   0x00000000000010c8      0x103 ./Core/Src/Motors.o
 .debug_macro   0x00000000000011cb       0x6a ./Core/Src/Motors.o
 .debug_macro   0x0000000000001235      0x1df ./Core/Src/Motors.o
 .debug_macro   0x0000000000001414       0x1c ./Core/Src/Motors.o
 .debug_macro   0x0000000000001430       0x22 ./Core/Src/Motors.o
 .debug_macro   0x0000000000001452       0xbd ./Core/Src/Motors.o
 .debug_macro   0x000000000000150f      0xd23 ./Core/Src/Motors.o
 .debug_macro   0x0000000000002232     0xe09e ./Core/Src/Motors.o
 .debug_macro   0x00000000000102d0       0x6d ./Core/Src/Motors.o
 .debug_macro   0x000000000001033d     0x3468 ./Core/Src/Motors.o
 .debug_macro   0x00000000000137a5      0x189 ./Core/Src/Motors.o
 .debug_macro   0x000000000001392e       0x5c ./Core/Src/Motors.o
 .debug_macro   0x000000000001398a      0x5be ./Core/Src/Motors.o
 .debug_macro   0x0000000000013f48      0x289 ./Core/Src/Motors.o
 .debug_macro   0x00000000000141d1      0x1cb ./Core/Src/Motors.o
 .debug_macro   0x000000000001439c      0x114 ./Core/Src/Motors.o
 .debug_macro   0x00000000000144b0      0x1b2 ./Core/Src/Motors.o
 .debug_macro   0x0000000000014662       0x27 ./Core/Src/Motors.o
 .debug_macro   0x0000000000014689      0x136 ./Core/Src/Motors.o
 .debug_macro   0x00000000000147bf      0x1bc ./Core/Src/Motors.o
 .debug_macro   0x000000000001497b       0x34 ./Core/Src/Motors.o
 .debug_macro   0x00000000000149af       0x3c ./Core/Src/Motors.o
 .debug_macro   0x00000000000149eb       0x57 ./Core/Src/Motors.o
 .debug_macro   0x0000000000014a42       0x88 ./Core/Src/Motors.o
 .debug_macro   0x0000000000014aca      0x241 ./Core/Src/Motors.o
 .debug_macro   0x0000000000014d0b      0x287 ./Core/Src/Motors.o
 .debug_macro   0x0000000000014f92      0x141 ./Core/Src/Motors.o
 .debug_macro   0x00000000000150d3      0x217 ./Core/Src/Motors.o
 .debug_macro   0x00000000000152ea      0x8d1 ./Core/Src/Motors.o
 .debug_macro   0x0000000000015bbb       0x83 ./Core/Src/Motors.o
 .debug_macro   0x0000000000015c3e       0x64 ./Core/Src/Motors.o
 .debug_macro   0x0000000000015ca2       0x61 ./Core/Src/Motors.o
 .debug_macro   0x0000000000015d03       0x24 ./Core/Src/Motors.o
 .debug_macro   0x0000000000015d27       0x43 ./Core/Src/Motors.o
 .debug_macro   0x0000000000015d6a       0x34 ./Core/Src/Motors.o
 .debug_macro   0x0000000000015d9e       0x16 ./Core/Src/Motors.o
 .debug_macro   0x0000000000015db4       0x43 ./Core/Src/Motors.o
 .debug_macro   0x0000000000015df7       0x34 ./Core/Src/Motors.o
 .debug_macro   0x0000000000015e2b       0x10 ./Core/Src/Motors.o
 .debug_macro   0x0000000000015e3b       0x58 ./Core/Src/Motors.o
 .debug_macro   0x0000000000015e93       0x8e ./Core/Src/Motors.o
 .debug_macro   0x0000000000015f21       0x1c ./Core/Src/Motors.o
 .debug_macro   0x0000000000015f3d      0x177 ./Core/Src/Motors.o
 .debug_macro   0x00000000000160b4      0x369 ./Core/Src/Motors.o
 .debug_macro   0x000000000001641d      0x19b ./Core/Src/Motors.o
 .debug_macro   0x00000000000165b8       0x16 ./Core/Src/Motors.o
 .debug_macro   0x00000000000165ce       0x35 ./Core/Src/Motors.o
 .debug_macro   0x0000000000016603       0x16 ./Core/Src/Motors.o
 .debug_macro   0x0000000000016619       0x29 ./Core/Src/Motors.o
 .debug_macro   0x0000000000016642       0x28 ./Core/Src/Motors.o
 .debug_macro   0x000000000001666a      0x2c0 ./Core/Src/Movement.o
 .debug_macro   0x000000000001692a       0x16 ./Core/Src/Movement.o
 .debug_macro   0x0000000000016940       0x40 ./Core/Src/Movement.o
 .debug_macro   0x0000000000016980      0x1cf ./Core/Src/SR04.o
 .debug_macro   0x0000000000016b4f      0x1c6 ./Core/Src/gpio.o
 .debug_macro   0x0000000000016d15      0x1c6 ./Core/Src/i2c.o
 .debug_macro   0x0000000000016edb      0x305 ./Core/Src/main.o
 .debug_macro   0x00000000000171e0       0x2e ./Core/Src/main.o
 .debug_macro   0x000000000001720e      0x2c3 ./Core/Src/mpu6050.o
 .debug_macro   0x00000000000174d1       0x5b ./Core/Src/mpu6050.o
 .debug_macro   0x000000000001752c       0x94 ./Core/Src/mpu6050.o
 .debug_macro   0x00000000000175c0       0x57 ./Core/Src/mpu6050.o
 .debug_macro   0x0000000000017617       0x56 ./Core/Src/mpu6050.o
 .debug_macro   0x000000000001766d      0x1cf ./Core/Src/pixy.o
 .debug_macro   0x000000000001783c      0x1c6 ./Core/Src/spi.o
 .debug_macro   0x0000000000017a02      0x1bc ./Core/Src/stm32f1xx_hal_msp.o
 .debug_macro   0x0000000000017bbe      0x1c6 ./Core/Src/stm32f1xx_it.o
 .debug_macro   0x0000000000017d84      0x1ad ./Core/Src/system_stm32f1xx.o
 .debug_macro   0x0000000000017f31      0x1c6 ./Core/Src/tim.o
 .debug_macro   0x00000000000180f7      0x1d1 ./Drivers/STM32F1xx_HAL_Driver/Src/stm32f1xx_hal.o
 .debug_macro   0x00000000000182c8      0x1ad ./Drivers/STM32F1xx_HAL_Driver/Src/stm32f1xx_hal_cortex.o
 .debug_macro   0x0000000000018475      0x218 ./Drivers/STM32F1xx_HAL_Driver/Src/stm32f1xx_hal_gpio.o
 .debug_macro   0x000000000001868d      0x1f4 ./Drivers/STM32F1xx_HAL_Driver/Src/stm32f1xx_hal_i2c.o
 .debug_macro   0x0000000000018881      0x1bf ./Drivers/STM32F1xx_HAL_Driver/Src/stm32f1xx_hal_rcc.o
 .debug_macro   0x0000000000018a40      0x1b5 ./Drivers/STM32F1xx_HAL_Driver/Src/stm32f1xx_hal_spi.o
 .debug_macro   0x0000000000018bf5      0x1ae ./Drivers/STM32F1xx_HAL_Driver/Src/stm32f1xx_hal_tim.o
 .debug_macro   0x0000000000018da3      0x1ad ./Drivers/STM32F1xx_HAL_Driver/Src/stm32f1xx_hal_tim_ex.o

.debug_line     0x0000000000000000    0x12163
 .debug_line    0x0000000000000000      0x64d ./Core/Src/Motors.o
 .debug_line    0x000000000000064d      0x881 ./Core/Src/Movement.o
 .debug_line    0x0000000000000ece      0x517 ./Core/Src/SR04.o
 .debug_line    0x00000000000013e5      0x498 ./Core/Src/gpio.o
 .debug_line    0x000000000000187d      0x4a9 ./Core/Src/i2c.o
 .debug_line    0x0000000000001d26      0x913 ./Core/Src/main.o
 .debug_line    0x0000000000002639      0x875 ./Core/Src/mpu6050.o
 .debug_line    0x0000000000002eae      0x542 ./Core/Src/pixy.o
 .debug_line    0x00000000000033f0      0x4bc ./Core/Src/spi.o
 .debug_line    0x00000000000038ac      0x444 ./Core/Src/stm32f1xx_hal_msp.o
 .debug_line    0x0000000000003cf0      0x536 ./Core/Src/stm32f1xx_it.o
 .debug_line    0x0000000000004226      0x4c2 ./Core/Src/system_stm32f1xx.o
 .debug_line    0x00000000000046e8      0x6ce ./Core/Src/tim.o
 .debug_line    0x0000000000004db6       0x79 ./Core/Startup/startup_stm32f103r8tx.o
 .debug_line    0x0000000000004e2f      0x6ef ./Drivers/STM32F1xx_HAL_Driver/Src/stm32f1xx_hal.o
 .debug_line    0x000000000000551e      0x8db ./Drivers/STM32F1xx_HAL_Driver/Src/stm32f1xx_hal_cortex.o
 .debug_line    0x0000000000005df9      0x786 ./Drivers/STM32F1xx_HAL_Driver/Src/stm32f1xx_hal_gpio.o
 .debug_line    0x000000000000657f     0x38e0 ./Drivers/STM32F1xx_HAL_Driver/Src/stm32f1xx_hal_i2c.o
 .debug_line    0x0000000000009e5f      0xafa ./Drivers/STM32F1xx_HAL_Driver/Src/stm32f1xx_hal_rcc.o
 .debug_line    0x000000000000a959     0x19a5 ./Drivers/STM32F1xx_HAL_Driver/Src/stm32f1xx_hal_spi.o
 .debug_line    0x000000000000c2fe     0x30c3 ./Drivers/STM32F1xx_HAL_Driver/Src/stm32f1xx_hal_tim.o
 .debug_line    0x000000000000f3c1     0x1617 ./Drivers/STM32F1xx_HAL_Driver/Src/stm32f1xx_hal_tim_ex.o
 .debug_line    0x00000000000109d8      0x558 /usr/lib/gcc/arm-none-eabi/12.2.0/../../../../arm-none-eabi/lib/thumb/v7-m/nofp/libc_nano.a(libc_a-findfp.o)
 .debug_line    0x0000000000010f30      0x123 /usr/lib/gcc/arm-none-eabi/12.2.0/../../../../arm-none-eabi/lib/thumb/v7-m/nofp/libc_nano.a(libc_a-memset.o)
 .debug_line    0x0000000000011053      0x108 /usr/lib/gcc/arm-none-eabi/12.2.0/../../../../arm-none-eabi/lib/thumb/v7-m/nofp/libc_nano.a(libc_a-impure.o)
 .debug_line    0x000000000001115b      0x12a /usr/lib/gcc/arm-none-eabi/12.2.0/../../../../arm-none-eabi/lib/thumb/v7-m/nofp/libc_nano.a(libc_a-errno.o)
 .debug_line    0x0000000000011285      0x12a /usr/lib/gcc/arm-none-eabi/12.2.0/../../../../arm-none-eabi/lib/thumb/v7-m/nofp/libc_nano.a(libc_a-init.o)
 .debug_line    0x00000000000113af      0x16f /usr/lib/gcc/arm-none-eabi/12.2.0/thumb/v7-m/nofp/libgcc.a(_arm_addsubdf3.o)
 .debug_line    0x000000000001151e      0x184 /usr/lib/gcc/arm-none-eabi/12.2.0/thumb/v7-m/nofp/libgcc.a(_arm_muldivdf3.o)
 .debug_line    0x00000000000116a2       0xa6 /usr/lib/gcc/arm-none-eabi/12.2.0/thumb/v7-m/nofp/libgcc.a(_arm_cmpdf2.o)
 .debug_line    0x0000000000011748       0x57 /usr/lib/gcc/arm-none-eabi/12.2.0/thumb/v7-m/nofp/libgcc.a(_arm_unorddf2.o)
 .debug_line    0x000000000001179f       0x62 /usr/lib/gcc/arm-none-eabi/12.2.0/thumb/v7-m/nofp/libgcc.a(_arm_fixdfsi.o)
 .debug_line    0x0000000000011801       0x5e /usr/lib/gcc/arm-none-eabi/12.2.0/thumb/v7-m/nofp/libgcc.a(_arm_fixunsdfsi.o)
 .debug_line    0x000000000001185f       0x76 /usr/lib/gcc/arm-none-eabi/12.2.0/thumb/v7-m/nofp/libgcc.a(_arm_truncdfsf2.o)
 .debug_line    0x00000000000118d5      0x103 /usr/lib/gcc/arm-none-eabi/12.2.0/thumb/v7-m/nofp/libgcc.a(_arm_addsubsf3.o)
 .debug_line    0x00000000000119d8      0x123 /usr/lib/gcc/arm-none-eabi/12.2.0/thumb/v7-m/nofp/libgcc.a(_arm_muldivsf3.o)
 .debug_line    0x0000000000011afb       0x62 /usr/lib/gcc/arm-none-eabi/12.2.0/thumb/v7-m/nofp/libgcc.a(_arm_fixsfsi.o)
 .debug_line    0x0000000000011b5d       0x4e /usr/lib/gcc/arm-none-eabi/12.2.0/thumb/v7-m/nofp/libgcc.a(_aeabi_uldivmod.o)
 .debug_line    0x0000000000011bab      0x56e /usr/lib/gcc/arm-none-eabi/12.2.0/thumb/v7-m/nofp/libgcc.a(_udivmoddi4.o)
 .debug_line    0x0000000000012119       0x4a /usr/lib/gcc/arm-none-eabi/12.2.0/thumb/v7-m/nofp/libgcc.a(_dvmd_tls.o)

.debug_str      0x0000000000000000    0x8d6c8
 .debug_str     0x0000000000000000    0x87dfa ./Core/Src/Motors.o
                                      0x88192 (size before relaxing)
 .debug_str     0x0000000000087dfa      0x159 ./Core/Src/Movement.o
                                      0x88252 (size before relaxing)
 .debug_str     0x0000000000087f53      0x46d ./Core/Src/SR04.o
                                      0x84be7 (size before relaxing)
 .debug_str     0x00000000000883c0      0x337 ./Core/Src/gpio.o
                                      0x84a10 (size before relaxing)
 .debug_str     0x00000000000886f7      0x2fd ./Core/Src/i2c.o
                                      0x84bc3 (size before relaxing)
 .debug_str     0x00000000000889f4      0x533 ./Core/Src/main.o
                                      0x88fa7 (size before relaxing)
 .debug_str     0x0000000000088f27      0x2ca ./Core/Src/mpu6050.o
                                      0x88762 (size before relaxing)
 .debug_str     0x00000000000891f1      0x216 ./Core/Src/pixy.o
                                      0x84b44 (size before relaxing)
 .debug_str     0x0000000000089407       0x79 ./Core/Src/spi.o
                                      0x84b48 (size before relaxing)
 .debug_str     0x0000000000089480       0x2c ./Core/Src/stm32f1xx_hal_msp.o
                                      0x84691 (size before relaxing)
 .debug_str     0x00000000000894ac      0x116 ./Core/Src/stm32f1xx_it.o
                                      0x84bd5 (size before relaxing)
 .debug_str     0x00000000000895c2       0x7e ./Core/Src/system_stm32f1xx.o
                                      0x8453f (size before relaxing)
 .debug_str     0x0000000000089640      0x2b0 ./Core/Src/tim.o
                                      0x851b9 (size before relaxing)
 .debug_str     0x00000000000898f0       0x42 ./Core/Startup/startup_stm32f103r8tx.o
                                         0x66 (size before relaxing)
 .debug_str     0x0000000000089932      0x36e ./Drivers/STM32F1xx_HAL_Driver/Src/stm32f1xx_hal.o
                                      0x84c72 (size before relaxing)
 .debug_str     0x0000000000089ca0      0x294 ./Drivers/STM32F1xx_HAL_Driver/Src/stm32f1xx_hal_cortex.o
                                      0x84bbe (size before relaxing)
 .debug_str     0x0000000000089f34      0x297 ./Drivers/STM32F1xx_HAL_Driver/Src/stm32f1xx_hal_gpio.o
                                      0x848c5 (size before relaxing)
 .debug_str     0x000000000008a1cb      0xb64 ./Drivers/STM32F1xx_HAL_Driver/Src/stm32f1xx_hal_i2c.o
                                      0x855b3 (size before relaxing)
 .debug_str     0x000000000008ad2f      0x209 ./Drivers/STM32F1xx_HAL_Driver/Src/stm32f1xx_hal_rcc.o
                                      0x8496e (size before relaxing)
 .debug_str     0x000000000008af38      0x513 ./Drivers/STM32F1xx_HAL_Driver/Src/stm32f1xx_hal_spi.o
                                      0x84e6b (size before relaxing)
 .debug_str     0x000000000008b44b      0xcfd ./Drivers/STM32F1xx_HAL_Driver/Src/stm32f1xx_hal_tim.o
                                      0x85959 (size before relaxing)
 .debug_str     0x000000000008c148      0x3e1 ./Drivers/STM32F1xx_HAL_Driver/Src/stm32f1xx_hal_tim_ex.o
                                      0x85175 (size before relaxing)
 .debug_str     0x000000000008c529      0x62a /usr/lib/gcc/arm-none-eabi/12.2.0/../../../../arm-none-eabi/lib/thumb/v7-m/nofp/libc_nano.a(libc_a-findfp.o)
                                        0x75a (size before relaxing)